Component: ARM Compiler 6.15 Tool: armlink [5dd79300]

==============================================================================

Section Cross References

    main.o(.ARM.exidx.text.get_hex) refers to main.o(.text.get_hex) for [Anonymous Symbol]
    main.o(.ARM.exidx.text.my_task_ide) refers to main.o(.text.my_task_ide) for [Anonymous Symbol]
    main.o(.text.my_task_1) refers to my_driver_stm32f1xx.o(.text.i2c_init) for i2c_init
    main.o(.text.my_task_1) refers to my_sensors_lib.o(.text.lcd_init) for lcd_init
    main.o(.text.my_task_1) refers to my_driver_stm32f1xx.o(.text.UART_DMA_RX_init) for UART_DMA_RX_init
    main.o(.text.my_task_1) refers to main.o(.bss.frame_data_bootloader) for frame_data_bootloader
    main.o(.text.my_task_1) refers to my_driver_stm32f1xx.o(.text.DMA_UART_RX) for DMA_UART_RX
    main.o(.text.my_task_1) refers to main.o(.text.__NVIC_EnableIRQ) for __NVIC_EnableIRQ
    main.o(.text.my_task_1) refers to main.o(.text.__NVIC_SetPriority) for __NVIC_SetPriority
    main.o(.text.my_task_1) refers to main.o(.bss.data_flash) for data_flash
    main.o(.text.my_task_1) refers to main.o(.bss.check_write_flash) for check_write_flash
    main.o(.text.my_task_1) refers to main.o(.bss.size) for size
    main.o(.text.my_task_1) refers to main.o(.text.get_hex) for get_hex
    main.o(.text.my_task_1) refers to my_driver_stm32f1xx.o(.text.FLash_erase) for FLash_erase
    main.o(.text.my_task_1) refers to my_driver_stm32f1xx.o(.text.Flash_write) for Flash_write
    main.o(.text.my_task_1) refers to my_rtos.o(.text.task_delay) for task_delay
    main.o(.ARM.exidx.text.my_task_1) refers to main.o(.text.my_task_1) for [Anonymous Symbol]
    main.o(.text.my_task_2) refers to main.o(.data.adc_channel) for adc_channel
    main.o(.text.my_task_2) refers to my_driver_stm32f1xx.o(.text.ADC_init) for ADC_init
    main.o(.text.my_task_2) refers to my_driver_stm32f1xx.o(.text.ADC_DMA_init) for ADC_DMA_init
    main.o(.text.my_task_2) refers to main.o(.bss.adc_data) for adc_data
    main.o(.text.my_task_2) refers to my_driver_stm32f1xx.o(.text.ADC_DMA_start) for ADC_DMA_start
    main.o(.text.my_task_2) refers to my_sensors_lib.o(.text.STEP_MOTOR_INIT) for STEP_MOTOR_INIT
    main.o(.text.my_task_2) refers to main.o(.data.DATA_PERIPHERAL) for DATA_PERIPHERAL
    main.o(.text.my_task_2) refers to my_sensors_lib.o(.text.IC74HC595_start) for IC74HC595_start
    main.o(.ARM.exidx.text.my_task_2) refers to main.o(.text.my_task_2) for [Anonymous Symbol]
    main.o(.text.my_task_3) refers to my_driver_stm32f1xx.o(.text.i2c_init) for i2c_init
    main.o(.text.my_task_3) refers to my_sensors_lib.o(.text.lcd_init) for lcd_init
    main.o(.text.my_task_3) refers to main.o(.data.MENU_ACTIVE) for MENU_ACTIVE
    main.o(.text.my_task_3) refers to main.o(.data.position_current) for position_current
    main.o(.text.my_task_3) refers to my_application_stm32f1xx.o(.text.hienthi) for hienthi
    main.o(.text.my_task_3) refers to my_driver_stm32f1xx.o(.text.EXT_config) for EXT_config
    main.o(.text.my_task_3) refers to main.o(.text.__NVIC_SetPriority) for __NVIC_SetPriority
    main.o(.text.my_task_3) refers to main.o(.text.__NVIC_EnableIRQ) for __NVIC_EnableIRQ
    main.o(.text.my_task_3) refers to main.o(.data.data_dht11) for data_dht11
    main.o(.text.my_task_3) refers to main.o(.bss.data_thresold) for data_thresold
    main.o(.text.my_task_3) refers to main.o(.data.DATA_PERIPHERAL) for DATA_PERIPHERAL
    main.o(.text.my_task_3) refers to main.o(.data.DHT11_INITIAL) for DHT11_INITIAL
    main.o(.text.my_task_3) refers to my_driver_stm32f1xx.o(.text.FLash_read_half_word) for FLash_read_half_word
    main.o(.text.my_task_3) refers to my_rtos.o(.text.task_delay) for task_delay
    main.o(.text.my_task_3) refers to my_sensors_lib.o(.text.IC74HC595_start) for IC74HC595_start
    main.o(.ARM.exidx.text.my_task_3) refers to main.o(.text.my_task_3) for [Anonymous Symbol]
    main.o(.text.EXTI0_IRQHandler) refers to main.o(.data.MENU_ACTIVE) for MENU_ACTIVE
    main.o(.text.EXTI0_IRQHandler) refers to main.o(.data.position_current) for position_current
    main.o(.text.EXTI0_IRQHandler) refers to my_application_stm32f1xx.o(.text.hienthi) for hienthi
    main.o(.ARM.exidx.text.EXTI0_IRQHandler) refers to main.o(.text.EXTI0_IRQHandler) for [Anonymous Symbol]
    main.o(.text.EXTI1_IRQHandler) refers to main.o(.data.MENU_ACTIVE) for MENU_ACTIVE
    main.o(.text.EXTI1_IRQHandler) refers to main.o(.bss.data_thresold) for data_thresold
    main.o(.text.EXTI1_IRQHandler) refers to my_driver_stm32f1xx.o(.text.FLash_read_half_word) for FLash_read_half_word
    main.o(.text.EXTI1_IRQHandler) refers to main.o(.data.position_current) for position_current
    main.o(.text.EXTI1_IRQHandler) refers to main.o(.bss.check_button_bootloader) for check_button_bootloader
    main.o(.text.EXTI1_IRQHandler) refers to main.o(.bss.position_control) for position_control
[...]
    libinit.o(.ARM.Collect$$libinit$$00000000) refers (Special) to libinit2.o(.ARM.Collect$$libinit$$0000001F) for __rt_lib_init_fp_trap_1
    libinit.o(.ARM.Collect$$libinit$$00000000) refers (Special) to libinit2.o(.ARM.Collect$$libinit$$00000023) for __rt_lib_init_getenv_1
    libinit.o(.ARM.Collect$$libinit$$00000000) refers (Special) to libinit2.o(.ARM.Collect$$libinit$$0000000A) for __rt_lib_init_heap_1
    libinit.o(.ARM.Collect$$libinit$$00000000) refers (Special) to libinit2.o(.ARM.Collect$$libinit$$00000011) for __rt_lib_init_lc_collate_1
    libinit.o(.ARM.Collect$$libinit$$00000000) refers (Special) to libinit2.o(.ARM.Collect$$libinit$$00000013) for __rt_lib_init_lc_ctype_1
    libinit.o(.ARM.Collect$$libinit$$00000000) refers (Special) to libinit2.o(.ARM.Collect$$libinit$$00000015) for __rt_lib_init_lc_monetary_1
    libinit.o(.ARM.Collect$$libinit$$00000000) refers (Special) to libinit2.o(.ARM.Collect$$libinit$$00000017) for __rt_lib_init_lc_numeric_1
    libinit.o(.ARM.Collect$$libinit$$00000000) refers (Special) to libinit2.o(.ARM.Collect$$libinit$$00000019) for __rt_lib_init_lc_time_1
    libinit.o(.ARM.Collect$$libinit$$00000000) refers (Special) to libinit2.o(.ARM.Collect$$libinit$$00000004) for __rt_lib_init_preinit_1
    libinit.o(.ARM.Collect$$libinit$$00000000) refers (Special) to libinit2.o(.ARM.Collect$$libinit$$0000000E) for __rt_lib_init_rand_1
    libinit.o(.ARM.Collect$$libinit$$00000000) refers (Special) to libinit2.o(.ARM.Collect$$libinit$$00000033) for __rt_lib_init_return
    libinit.o(.ARM.Collect$$libinit$$00000000) refers (Special) to libinit2.o(.ARM.Collect$$libinit$$0000001D) for __rt_lib_init_signal_1
    libinit.o(.ARM.Collect$$libinit$$00000000) refers (Special) to libinit2.o(.ARM.Collect$$libinit$$00000025) for __rt_lib_init_stdio_1
    libinit.o(.ARM.Collect$$libinit$$00000000) refers (Special) to libinit2.o(.ARM.Collect$$libinit$$0000000C) for __rt_lib_init_user_alloc_1
    libspace.o(.text) refers to libspace.o(.bss) for __libspace_start
    rtexit.o(.ARM.Collect$$rtexit$$00000000) refers (Special) to rtexit2.o(.ARM.Collect$$rtexit$$00000004) for __rt_exit_exit
    rtexit.o(.ARM.Collect$$rtexit$$00000000) refers (Special) to rtexit2.o(.ARM.Collect$$rtexit$$00000003) for __rt_exit_ls
    rtexit.o(.ARM.Collect$$rtexit$$00000000) refers (Special) to rtexit2.o(.ARM.Collect$$rtexit$$00000002) for __rt_exit_prels_1
    rtexit.o(.ARM.exidx) refers (Special) to rtexit2.o(.ARM.Collect$$rtexit$$00000004) for __rt_exit_exit
    rtexit.o(.ARM.exidx) refers (Special) to rtexit2.o(.ARM.Collect$$rtexit$$00000003) for __rt_exit_ls
    rtexit.o(.ARM.exidx) refers (Special) to rtexit2.o(.ARM.Collect$$rtexit$$00000002) for __rt_exit_prels_1
    rtexit.o(.ARM.exidx) refers to rtexit.o(.ARM.Collect$$rtexit$$00000000) for .ARM.Collect$$rtexit$$00000000
    libinit2.o(.ARM.Collect$$libinit$$00000010) refers to libinit2.o(.ARM.Collect$$libinit$$0000000F) for .ARM.Collect$$libinit$$0000000F
    libinit2.o(.ARM.Collect$$libinit$$00000012) refers to libinit2.o(.ARM.Collect$$libinit$$0000000F) for .ARM.Collect$$libinit$$0000000F
    libinit2.o(.ARM.Collect$$libinit$$00000014) refers to libinit2.o(.ARM.Collect$$libinit$$0000000F) for .ARM.Collect$$libinit$$0000000F
    libinit2.o(.ARM.Collect$$libinit$$00000016) refers to libinit2.o(.ARM.Collect$$libinit$$0000000F) for .ARM.Collect$$libinit$$0000000F
    libinit2.o(.ARM.Collect$$libinit$$00000018) refers to libinit2.o(.ARM.Collect$$libinit$$0000000F) for .ARM.Collect$$libinit$$0000000F
    libinit2.o(.ARM.Collect$$libinit$$00000026) refers to argv_veneer.o(.emb_text) for __ARM_argv_veneer
    libinit2.o(.ARM.Collect$$libinit$$00000027) refers to argv_veneer.o(.emb_text) for __ARM_argv_veneer
    rtexit2.o(.ARM.Collect$$rtexit$$00000003) refers to libshutdown.o(.ARM.Collect$$libshutdown$$00000000) for __rt_lib_shutdown
    rtexit2.o(.ARM.Collect$$rtexit$$00000004) refers to sys_exit.o(.text) for _sys_exit
    rtexit2.o(.ARM.exidx) refers to rtexit2.o(.ARM.Collect$$rtexit$$00000001) for .ARM.Collect$$rtexit$$00000001
    rtexit2.o(.ARM.exidx) refers to rtexit2.o(.ARM.Collect$$rtexit$$00000003) for .ARM.Collect$$rtexit$$00000003
    rtexit2.o(.ARM.exidx) refers to rtexit2.o(.ARM.Collect$$rtexit$$00000004) for .ARM.Collect$$rtexit$$00000004
    argv_veneer.o(.emb_text) refers to no_argv.o(.text) for __ARM_get_argv
    sys_exit.o(.text) refers (Special) to use_no_semi.o(.text) for __I$use$semihosting
    sys_exit.o(.text) refers (Special) to indicate_semi.o(.text) for __semihosting_library_function
    sys_exit_hlt.o(.text) refers (Special) to use_no_semi.o(.text) for __I$use$semihosting
    sys_exit_hlt.o(.text) refers (Special) to indicate_semi.o(.text) for __semihosting_library_function
    _get_argv_nomalloc.o(.text) refers (Special) to hrguard.o(.text) for __heap_region$guard
    _get_argv_nomalloc.o(.text) refers to defsig_rtmem_outer.o(.text) for __rt_SIGRTMEM
    _get_argv_nomalloc.o(.text) refers to sys_command.o(.text) for _sys_command_string
    libshutdown.o(.ARM.Collect$$libshutdown$$00000000) refers (Special) to libshutdown2.o(.ARM.Collect$$libshutdown$$00000002) for __rt_lib_shutdown_cpp_1
    libshutdown.o(.ARM.Collect$$libshutdown$$00000000) refers (Special) to libshutdown2.o(.ARM.Collect$$libshutdown$$00000007) for __rt_lib_shutdown_fp_trap_1
    libshutdown.o(.ARM.Collect$$libshutdown$$00000000) refers (Special) to libshutdown2.o(.ARM.Collect$$libshutdown$$0000000F) for __rt_lib_shutdown_heap_1
    libshutdown.o(.ARM.Collect$$libshutdown$$00000000) refers (Special) to libshutdown2.o(.ARM.Collect$$libshutdown$$00000010) for __rt_lib_shutdown_return
    libshutdown.o(.ARM.Collect$$libshutdown$$00000000) refers (Special) to libshutdown2.o(.ARM.Collect$$libshutdown$$0000000A) for __rt_lib_shutdown_signal_1
    libshutdown.o(.ARM.Collect$$libshutdown$$00000000) refers (Special) to libshutdown2.o(.ARM.Collect$$libshutdown$$00000004) for __rt_lib_shutdown_stdio_1
    libshutdown.o(.ARM.Collect$$libshutdown$$00000000) refers (Special) to libshutdown2.o(.ARM.Collect$$libshutdown$$0000000C) for __rt_lib_shutdown_user_alloc_1
    sys_command.o(.text) refers (Special) to use_no_semi.o(.text) for __I$use$semihosting
    sys_command.o(.text) refers (Special) to indicate_semi.o(.text) for __semihosting_library_function
    sys_command_hlt.o(.text) refers (Special) to use_no_semi.o(.text) for __I$use$semihosting
    sys_command_hlt.o(.text) refers (Special) to indicate_semi.o(.text) for __semihosting_library_function
    defsig_rtmem_outer.o(.text) refers to defsig_rtmem_inner.o(.text) for __rt_SIGRTMEM_inner
    defsig_rtmem_outer.o(.text) refers to defsig_exit.o(.text) for __sig_exit
    defsig_rtmem_formal.o(.text) refers to rt_raise.o(.text) for __rt_raise
    rt_raise.o(.text) refers to __raise.o(.text) for __raise
    rt_raise.o(.text) refers to sys_exit.o(.text) for _sys_exit
    defsig_exit.o(.text) refers to sys_exit.o(.text) for _sys_exit
    defsig_rtmem_inner.o(.text) refers to defsig_general.o(.text) for __default_signal_display
    __raise.o(.text) refers to defsig.o(CL$$defsig) for __default_signal_handler
    defsig_general.o(.text) refers to sys_wrch.o(.text) for _ttywrch
    sys_wrch.o(.text) refers (Special) to use_no_semi.o(.text) for __I$use$semihosting
    sys_wrch.o(.text) refers (Special) to indicate_semi.o(.text) for __semihosting_library_function
    sys_wrch_hlt.o(.text) refers (Special) to use_no_semi.o(.text) for __I$use$semihosting
    sys_wrch_hlt.o(.text) refers (Special) to indicate_semi.o(.text) for __semihosting_library_function
    defsig.o(CL$$defsig) refers to defsig_rtmem_inner.o(.text) for __rt_SIGRTMEM_inner
    defsig_abrt_inner.o(.text) refers to defsig_general.o(.text) for __default_signal_display
    defsig_fpe_inner.o(.text) refers to defsig_general.o(.text) for __default_signal_display
    defsig_rtred_inner.o(.text) refers to defsig_general.o(.text) for __default_signal_display
    defsig_stak_inner.o(.text) refers to defsig_general.o(.text) for __default_signal_display
    defsig_pvfn_inner.o(.text) refers to defsig_general.o(.text) for __default_signal_display
    defsig_cppl_inner.o(.text) refers to defsig_general.o(.text) for __default_signal_display
    defsig_segv_inner.o(.text) refers to defsig_general.o(.text) for __default_signal_display
    defsig_other.o(.text) refers to defsig_general.o(.text) for __default_signal_display


==============================================================================

Removing Unused input sections from the image.

    Removing main.o(.text), (0 bytes).
    Removing main.o(.ARM.exidx.text.get_hex), (8 bytes).
    Removing main.o(.ARM.exidx.text.my_task_ide), (8 bytes).
    Removing main.o(.ARM.exidx.text.my_task_1), (8 bytes).
    Removing main.o(.ARM.exidx.text.my_task_2), (8 bytes).
    Removing main.o(.ARM.exidx.text.my_task_3), (8 bytes).
    Removing main.o(.ARM.exidx.text.EXTI0_IRQHandler), (8 bytes).
    Removing main.o(.ARM.exidx.text.EXTI1_IRQHandler), (8 bytes).
    Removing main.o(.ARM.exidx.text.EXTI2_IRQHandler), (8 bytes).
    Removing main.o(.ARM.exidx.text.EXTI3_IRQHandler), (8 bytes).
    Removing main.o(.ARM.exidx.text.EXTI4_IRQHandler), (8 bytes).
    Removing main.o(.ARM.exidx.text.RTC_IRQHandler), (8 bytes).
    Removing main.o(.ARM.exidx.text.DMA1_Channel5_IRQHandler), (8 bytes).
    Removing main.o(.ARM.exidx.text.main), (8 bytes).
    Removing main.o(.text.gpio_config), (2 bytes).
    Removing main.o(.ARM.exidx.text.gpio_config), (8 bytes).
    Removing main.o(.ARM.exidx.text.__NVIC_SetPriority), (8 bytes).
    Removing main.o(.ARM.exidx.text.__NVIC_EnableIRQ), (8 bytes).
    Removing main.o(.ARM.exidx.text.SysTick_Handler), (8 bytes).
    Removing main.o(.ARM.use_no_argv), (4 bytes).
    Removing my_rtos.o(.text), (0 bytes).
    Removing my_rtos.o(.ARM.exidx.text.enable_faults_exceptions), (8 bytes).
    Removing my_rtos.o(.ARM.exidx.text.initial_stacks), (8 bytes).
    Removing my_rtos.o(.ARM.exidx.text.get_stack_pointer_PSP), (8 bytes).
    Removing my_rtos.o(.ARM.exidx.text.save_stack_pointer), (8 bytes).
    Removing my_rtos.o(.ARM.exidx.text.switch_tasks), (8 bytes).
    Removing my_rtos.o(.ARM.exidx.text.task_delay), (8 bytes).
    Removing my_rtos.o(.ARM.exidx.text.systick_config), (8 bytes).
    Removing my_driver_stm32f1xx.o(.text), (0 bytes).
    Removing my_driver_stm32f1xx.o(.ARM.exidx.text.Flash_write), (8 bytes).
    Removing my_driver_stm32f1xx.o(.text.Flash_read), (76 bytes).
    Removing my_driver_stm32f1xx.o(.ARM.exidx.text.Flash_read), (8 bytes).
    Removing my_driver_stm32f1xx.o(.ARM.exidx.text.FLash_read_half_word), (8 bytes).
    Removing my_driver_stm32f1xx.o(.ARM.exidx.text.FLash_erase), (8 bytes).
    Removing my_driver_stm32f1xx.o(.text.RTC_init), (144 bytes).
    Removing my_driver_stm32f1xx.o(.ARM.exidx.text.RTC_init), (8 bytes).
    Removing my_driver_stm32f1xx.o(.ARM.exidx.text.assert_paramater), (8 bytes).
    Removing my_driver_stm32f1xx.o(.text.Change_function_interrupt), (206 bytes).
    Removing my_driver_stm32f1xx.o(.ARM.exidx.text.Change_function_interrupt), (8 bytes).
    Removing my_driver_stm32f1xx.o(.text.Change_interrupt_function), (68 bytes).
    Removing my_driver_stm32f1xx.o(.ARM.exidx.text.Change_interrupt_function), (8 bytes).
    Removing my_driver_stm32f1xx.o(.ARM.exidx.text.set_stack_pointer), (8 bytes).
    Removing my_driver_stm32f1xx.o(.ARM.exidx.text.bootloader_init), (8 bytes).
    Removing my_driver_stm32f1xx.o(.text.Window_watchdog_init), (40 bytes).
    Removing my_driver_stm32f1xx.o(.ARM.exidx.text.Window_watchdog_init), (8 bytes).
    Removing my_driver_stm32f1xx.o(.text.Independent_watchdog_init), (72 bytes).
    Removing my_driver_stm32f1xx.o(.ARM.exidx.text.Independent_watchdog_init), (8 bytes).
    Removing my_driver_stm32f1xx.o(.ARM.exidx.text.EXT_config), (8 bytes).
    Removing my_driver_stm32f1xx.o(.text.system_clock_init), (170 bytes).
    Removing my_driver_stm32f1xx.o(.ARM.exidx.text.system_clock_init), (8 bytes).
    Removing my_driver_stm32f1xx.o(.ARM.exidx.text.i2c_init), (8 bytes).
    Removing my_driver_stm32f1xx.o(.ARM.exidx.text.i2c_start), (8 bytes).
    Removing my_driver_stm32f1xx.o(.ARM.exidx.text.i2c_adress), (8 bytes).
    Removing my_driver_stm32f1xx.o(.text.i2c_data), (16 bytes).
    Removing my_driver_stm32f1xx.o(.ARM.exidx.text.i2c_data), (8 bytes).
    Removing my_driver_stm32f1xx.o(.ARM.exidx.text.i2c_mutil_data), (8 bytes).
    Removing my_driver_stm32f1xx.o(.text.i2c_stop), (10 bytes).
    Removing my_driver_stm32f1xx.o(.ARM.exidx.text.i2c_stop), (8 bytes).
    Removing my_driver_stm32f1xx.o(.text.i2c_read), (168 bytes).
    Removing my_driver_stm32f1xx.o(.ARM.exidx.text.i2c_read), (8 bytes).
    Removing my_driver_stm32f1xx.o(.text.MLX9014_read), (112 bytes).
    Removing my_driver_stm32f1xx.o(.ARM.exidx.text.MLX9014_read), (8 bytes).
    Removing my_driver_stm32f1xx.o(.text.UART_init), (128 bytes).
    Removing my_driver_stm32f1xx.o(.ARM.exidx.text.UART_init), (8 bytes).
    Removing my_driver_stm32f1xx.o(.text.UART_data), (24 bytes).
    Removing my_driver_stm32f1xx.o(.ARM.exidx.text.UART_data), (8 bytes).
    Removing my_driver_stm32f1xx.o(.text.UART_string), (40 bytes).
    Removing my_driver_stm32f1xx.o(.ARM.exidx.text.UART_string), (8 bytes).
    Removing my_driver_stm32f1xx.o(.text.UART_DMA_TX_init), (194 bytes).
    Removing my_driver_stm32f1xx.o(.ARM.exidx.text.UART_DMA_TX_init), (8 bytes).
    Removing my_driver_stm32f1xx.o(.text.DMA_UART_TX), (34 bytes).
    Removing my_driver_stm32f1xx.o(.ARM.exidx.text.DMA_UART_TX), (8 bytes).
    Removing my_driver_stm32f1xx.o(.ARM.exidx.text.UART_DMA_RX_init), (8 bytes).
    Removing my_driver_stm32f1xx.o(.ARM.exidx.text.DMA_UART_RX), (8 bytes).
    Removing my_driver_stm32f1xx.o(.text.SPI_init), (182 bytes).
    Removing my_driver_stm32f1xx.o(.ARM.exidx.text.SPI_init), (8 bytes).
    Removing my_driver_stm32f1xx.o(.text.SPI_send), (48 bytes).
    Removing my_driver_stm32f1xx.o(.ARM.exidx.text.SPI_send), (8 bytes).
    Removing my_driver_stm32f1xx.o(.text.SPI_receive), (54 bytes).
    Removing my_driver_stm32f1xx.o(.ARM.exidx.text.SPI_receive), (8 bytes).
    Removing my_driver_stm32f1xx.o(.ARM.exidx.text.ADC_init), (8 bytes).
    Removing my_driver_stm32f1xx.o(.ARM.exidx.text.ADC_DMA_init), (8 bytes).
    Removing my_driver_stm32f1xx.o(.ARM.exidx.text.ADC_DMA_start), (8 bytes).
    Removing my_driver_stm32f1xx.o(.text.PWM_init), (220 bytes).
    Removing my_driver_stm32f1xx.o(.ARM.exidx.text.PWM_init), (8 bytes).
    Removing my_application_stm32f1xx.o(.text), (0 bytes).
    Removing my_application_stm32f1xx.o(.ARM.exidx.text.my_fuction_dht_implement), (8 bytes).
    Removing my_application_stm32f1xx.o(.ARM.exidx.text.start_update_application), (8 bytes).
    Removing my_application_stm32f1xx.o(.ARM.exidx.text.hienthi), (8 bytes).
    Removing my_sensors_lib.o(.text), (0 bytes).
    Removing my_sensors_lib.o(.ARM.exidx.text.DHT11_init), (8 bytes).
    Removing my_sensors_lib.o(.ARM.exidx.text.read_bit), (8 bytes).
    Removing my_sensors_lib.o(.ARM.exidx.text.read_5_byte), (8 bytes).
    Removing my_sensors_lib.o(.ARM.exidx.text.lcd_lenh), (8 bytes).
    Removing my_sensors_lib.o(.ARM.exidx.text.lcd_data), (8 bytes).
    Removing my_sensors_lib.o(.ARM.exidx.text.lcd_init), (8 bytes).
    Removing my_sensors_lib.o(.ARM.exidx.text.lcd_string), (8 bytes).
    Removing my_sensors_lib.o(.ARM.exidx.text.lcd_gotoxy), (8 bytes).
    Removing my_sensors_lib.o(.ARM.exidx.text.covert_string), (8 bytes).
    Removing my_sensors_lib.o(.ARM.exidx.text.STEP_MOTOR_INIT), (8 bytes).
    Removing my_sensors_lib.o(.text.MOTOR_DIRECTION), (304 bytes).
    Removing my_sensors_lib.o(.ARM.exidx.text.MOTOR_DIRECTION), (8 bytes).
    Removing my_sensors_lib.o(.text.START_ROTATION), (92 bytes).
    Removing my_sensors_lib.o(.ARM.exidx.text.START_ROTATION), (8 bytes).
    Removing my_sensors_lib.o(.text.bin_dec), (32 bytes).
    Removing my_sensors_lib.o(.ARM.exidx.text.bin_dec), (8 bytes).
    Removing my_sensors_lib.o(.text.dec_bin), (30 bytes).
    Removing my_sensors_lib.o(.ARM.exidx.text.dec_bin), (8 bytes).
    Removing my_sensors_lib.o(.text.RTC_set), (132 bytes).
    Removing my_sensors_lib.o(.ARM.exidx.text.RTC_set), (8 bytes).
    Removing my_sensors_lib.o(.text.RTC_get), (94 bytes).
    Removing my_sensors_lib.o(.ARM.exidx.text.RTC_get), (8 bytes).
    Removing my_sensors_lib.o(.ARM.exidx.text.IC74HC595_config), (8 bytes).
    Removing my_sensors_lib.o(.ARM.exidx.text.IC74HC595_start), (8 bytes).
    Removing my_sensors_lib.o(.text.str_len), (38 bytes).
    Removing my_sensors_lib.o(.ARM.exidx.text.str_len), (8 bytes).
    Removing my_sensors_lib.o(.text.invert), (46 bytes).
    Removing my_sensors_lib.o(.ARM.exidx.text.invert), (8 bytes).
    Removing my_sensors_lib.o(.ARM.exidx.text.update_value), (8 bytes).
    Removing my_sensors_lib.o(.bss.MOTOR_DIRECTION.step), (1 bytes).
    Removing my_sensors_lib.o(.bss.data_RTC_initial), (1 bytes).
    Removing my_sensors_lib.o(.bss.str_len.i), (1 bytes).
    Removing system_stm32f10x.o(.text), (0 bytes).
    Removing system_stm32f10x.o(.ARM.exidx.text.SystemInit), (8 bytes).
    Removing system_stm32f10x.o(.ARM.exidx.text.SetSysClock), (8 bytes).
    Removing system_stm32f10x.o(.text.SystemCoreClockUpdate), (110 bytes).
    Removing system_stm32f10x.o(.ARM.exidx.text.SystemCoreClockUpdate), (8 bytes).
    Removing system_stm32f10x.o(.ARM.exidx.text.SetSysClockTo72), (8 bytes).
    Removing system_stm32f10x.o(.data.SystemCoreClock), (4 bytes).
    Removing system_stm32f10x.o(.rodata.AHBPrescTable), (16 bytes).

130 unused section(s) (total 3617 bytes) removed from the image.

==============================================================================

Image Symbol Table

    Local Symbols

    Symbol Name                              Value     Ov Type        Size  Object(Section)

    ../clib/angel/boardlib.s                 0x00000000   Number         0  boardinit1.o ABSOLUTE
    ../clib/angel/boardlib.s                 0x00000000   Number         0  boardinit2.o ABSOLUTE
    ../clib/angel/boardlib.s                 0x00000000   Number         0  boardinit3.o ABSOLUTE
    ../clib/angel/boardlib.s                 0x00000000   Number         0  boardshut.o ABSOLUTE
    ../clib/angel/dczerorl2.s                0x00000000   Number         0  __dczerorl2.o ABSOLUTE
    ../clib/angel/handlers.s                 0x00000000   Number         0  __scatter_zi.o ABSOLUTE
    ../clib/angel/kernel.s                   0x00000000   Number         0  __rtentry.o ABSOLUTE
    ../clib/angel/kernel.s                   0x00000000   Number         0  __rtentry2.o ABSOLUTE
    ../clib/angel/kernel.s                   0x00000000   Number         0  __rtentry4.o ABSOLUTE
    ../clib/angel/kernel.s                   0x00000000   Number         0  rtexit.o ABSOLUTE
    ../clib/angel/kernel.s                   0x00000000   Number         0  rtexit2.o ABSOLUTE
    ../clib/angel/rt.s                       0x00000000   Number         0  rt_raise.o ABSOLUTE
    ../clib/angel/scatter.s                  0x00000000   Number         0  __scatter.o ABSOLUTE
    ../clib/angel/startup.s                  0x00000000   Number         0  __main.o ABSOLUTE
    ../clib/angel/sys.s                      0x00000000   Number         0  sys_stackheap_outer.o ABSOLUTE
    ../clib/angel/sys.s                      0x00000000   Number         0  libspace.o ABSOLUTE
    ../clib/angel/sys.s                      0x00000000   Number         0  use_no_semi.o ABSOLUTE
    ../clib/angel/sys.s                      0x00000000   Number         0  indicate_semi.o ABSOLUTE
    ../clib/angel/sysapp.c                   0x00000000   Number         0  sys_exit.o ABSOLUTE
    ../clib/angel/sysapp.c                   0x00000000   Number         0  sys_exit_hlt.o ABSOLUTE
    ../clib/angel/sysapp.c                   0x00000000   Number         0  sys_command.o ABSOLUTE
    ../clib/angel/sysapp.c                   0x00000000   Number         0  sys_command_hlt.o ABSOLUTE
    ../clib/angel/sysapp.c                   0x00000000   Number         0  sys_wrch.o ABSOLUTE
    ../clib/angel/sysapp.c                   0x00000000   Number         0  sys_wrch_hlt.o ABSOLUTE
    ../clib/armsys.c                         0x00000000   Number         0  argv_veneer.o ABSOLUTE
    ../clib/armsys.c                         0x00000000   Number         0  argv_veneer.o ABSOLUTE
    ../clib/armsys.c                         0x00000000   Number         0  _get_argv_nomalloc.o ABSOLUTE
    ../clib/armsys.c                         0x00000000   Number         0  no_argv.o ABSOLUTE
    ../clib/heapalloc.c                      0x00000000   Number         0  hrguard.o ABSOLUTE
    ../clib/heapaux.c                        0x00000000   Number         0  heapauxi.o ABSOLUTE
    ../clib/libinit.s                        0x00000000   Number         0  libinit.o ABSOLUTE
    ../clib/libinit.s                        0x00000000   Number         0  libinit2.o ABSOLUTE
    ../clib/libinit.s                        0x00000000   Number         0  libshutdown.o ABSOLUTE
    ../clib/libinit.s                        0x00000000   Number         0  libshutdown2.o ABSOLUTE
    ../clib/memcpset.s                       0x00000000   Number         0  rt_memclr_w.o ABSOLUTE
    ../clib/signal.c                         0x00000000   Number         0  defsig_rtmem_outer.o ABSOLUTE
    ../clib/signal.c                         0x00000000   Number         0  defsig_rtmem_formal.o ABSOLUTE
    ../clib/signal.c                         0x00000000   Number         0  defsig_exit.o ABSOLUTE
    ../clib/signal.c                         0x00000000   Number         0  defsig_rtmem_inner.o ABSOLUTE
    ../clib/signal.c                         0x00000000   Number         0  __raise.o ABSOLUTE
    ../clib/signal.c                         0x00000000   Number         0  defsig_general.o ABSOLUTE
    ../clib/signal.c                         0x00000000   Number         0  defsig_abrt_inner.o ABSOLUTE
    ../clib/signal.c                         0x00000000   Number         0  defsig_fpe_inner.o ABSOLUTE
    ../clib/signal.c                         0x00000000   Number         0  defsig_rtred_inner.o ABSOLUTE
    ../clib/signal.c                         0x00000000   Number         0  defsig_stak_inner.o ABSOLUTE
    ../clib/signal.c                         0x00000000   Number         0  defsig_pvfn_inner.o ABSOLUTE
    ../clib/signal.c                         0x00000000   Number         0  defsig_cppl_inner.o ABSOLUTE
    ../clib/signal.c                         0x00000000   Number         0  defsig_segv_inner.o ABSOLUTE
    ../clib/signal.c                         0x00000000   Number         0  defsig_other.o ABSOLUTE
    ../clib/signal.s                         0x00000000   Number         0  defsig.o ABSOLUTE
    ../clib/stdlib.c                         0x00000000   Number         0  exit.o ABSOLUTE
    ../fplib/dfix.s                          0x00000000   Number         0  dfix.o ABSOLUTE
    ../fplib/dflt.s                          0x00000000   Number         0  dflt_clz.o ABSOLUTE
    ../fplib/dmul.s                          0x00000000   Number         0  dmul.o ABSOLUTE
    ../fplib/dnaninf.s                       0x00000000   Number         0  dnaninf.o ABSOLUTE
    ../fplib/dretinf.s                       0x00000000   Number         0  dretinf.o ABSOLUTE
    ../fplib/fpinit.s                        0x00000000   Number         0  fpinit.o ABSOLUTE
    ../fplib/fpinit_empty.s                  0x00000000   Number         0  fpinit_empty.o ABSOLUTE
    ../fplib/usenofp.s                       0x00000000   Number         0  usenofp.o ABSOLUTE
    MY_RTOS.c                                0x00000000   Number         0  my_rtos.o ABSOLUTE
    My_application_stm32f1xx.c               0x00000000   Number         0  my_application_stm32f1xx.o ABSOLUTE
    My_sensors_lib.c                         0x00000000   Number         0  my_sensors_lib.o ABSOLUTE
    RTE/Device/STM32F103C8/startup_stm32f10x_md.s 0x00000000   Number         0  startup_stm32f10x_md.o ABSOLUTE
    dc.s                                     0x00000000   Number         0  dc.o ABSOLUTE
    main.c                                   0x00000000   Number         0  main.o ABSOLUTE
    my_assembly.s                            0x00000000   Number         0  my_assembly.o ABSOLUTE
    my_driver_stm32f1xx.c                    0x00000000   Number         0  my_driver_stm32f1xx.o ABSOLUTE
    system_stm32f10x.c                       0x00000000   Number         0  system_stm32f10x.o ABSOLUTE
    RESET                                    0x08000000   Section      236  startup_stm32f10x_md.o(RESET)
    !!!main                                  0x080000ec   Section        8  __main.o(!!!main)
    !!!scatter                               0x080000f4   Section       52  __scatter.o(!!!scatter)
    !!dczerorl2                              0x08000128   Section       90  __dczerorl2.o(!!dczerorl2)
    !!handler_zi                             0x08000184   Section       28  __scatter_zi.o(!!handler_zi)
    .ARM.Collect$$libinit$$00000000          0x080001a0   Section        2  libinit.o(.ARM.Collect$$libinit$$00000000)
    .ARM.Collect$$libinit$$00000002          0x080001a2   Section        0  libinit2.o(.ARM.Collect$$libinit$$00000002)
    .ARM.Collect$$libinit$$00000004          0x080001a2   Section        0  libinit2.o(.ARM.Collect$$libinit$$00000004)
    .ARM.Collect$$libinit$$0000000A          0x080001a2   Section        0  libinit2.o(.ARM.Collect$$libinit$$0000000A)
    .ARM.Collect$$libinit$$0000000C          0x080001a2   Section        0  libinit2.o(.ARM.Collect$$libinit$$0000000C)
    .ARM.Collect$$libinit$$0000000E          0x080001a2   Section        0  libinit2.o(.ARM.Collect$$libinit$$0000000E)
    .ARM.Collect$$libinit$$00000011          0x080001a2   Section        0  libinit2.o(.ARM.Collect$$libinit$$00000011)
    .ARM.Collect$$libinit$$00000013          0x080001a2   Section        0  libinit2.o(.ARM.Collect$$libinit$$00000013)
    .ARM.Collect$$libinit$$00000015          0x080001a2   Section        0  libinit2.o(.ARM.Collect$$libinit$$00000015)
    .ARM.Collect$$libinit$$00000017          0x080001a2   Section        0  libinit2.o(.ARM.Collect$$libinit$$00000017)
    .ARM.Collect$$libinit$$00000019          0x080001a2   Section        0  libinit2.o(.ARM.Collect$$libinit$$00000019)
    .ARM.Collect$$libinit$$0000001B          0x080001a2   Section        0  libinit2.o(.ARM.Collect$$libinit$$0000001B)
    .ARM.Collect$$libinit$$0000001D          0x080001a2   Section        0  libinit2.o(.ARM.Collect$$libinit$$0000001D)
    .ARM.Collect$$libinit$$0000001F          0x080001a2   Section        0  libinit2.o(.ARM.Collect$$libinit$$0000001F)
    .ARM.Collect$$libinit$$00000021          0x080001a2   Section        0  libinit2.o(.ARM.Collect$$libinit$$00000021)
    .ARM.Collect$$libinit$$00000023          0x080001a2   Section        0  libinit2.o(.ARM.Collect$$libinit$$00000023)
    .ARM.Collect$$libinit$$00000025          0x080001a2   Section        0  libinit2.o(.ARM.Collect$$libinit$$00000025)
    .ARM.Collect$$libinit$$0000002C          0x080001a2   Section        0  libinit2.o(.ARM.Collect$$libinit$$0000002C)
    .ARM.Collect$$libinit$$0000002E          0x080001a2   Section        0  libinit2.o(.ARM.Collect$$libinit$$0000002E)
    .ARM.Collect$$libinit$$00000030          0x080001a2   Section        0  libinit2.o(.ARM.Collect$$libinit$$00000030)
    .ARM.Collect$$libinit$$00000032          0x080001a2   Section        0  libinit2.o(.ARM.Collect$$libinit$$00000032)
    .ARM.Collect$$libinit$$00000033          0x080001a2   Section        2  libinit2.o(.ARM.Collect$$libinit$$00000033)
    .ARM.Collect$$libshutdown$$00000000      0x080001a4   Section        2  libshutdown.o(.ARM.Collect$$libshutdown$$00000000)
    .ARM.Collect$$libshutdown$$00000002      0x080001a6   Section        0  libshutdown2.o(.ARM.Collect$$libshutdown$$00000002)
    .ARM.Collect$$libshutdown$$00000004      0x080001a6   Section        0  libshutdown2.o(.ARM.Collect$$libshutdown$$00000004)
    .ARM.Collect$$libshutdown$$00000007      0x080001a6   Section        0  libshutdown2.o(.ARM.Collect$$libshutdown$$00000007)
    .ARM.Collect$$libshutdown$$0000000A      0x080001a6   Section        0  libshutdown2.o(.ARM.Collect$$libshutdown$$0000000A)
    .ARM.Collect$$libshutdown$$0000000C      0x080001a6   Section        0  libshutdown2.o(.ARM.Collect$$libshutdown$$0000000C)
    .ARM.Collect$$libshutdown$$0000000F      0x080001a6   Section        0  libshutdown2.o(.ARM.Collect$$libshutdown$$0000000F)
    .ARM.Collect$$libshutdown$$00000010      0x080001a6   Section        2  libshutdown2.o(.ARM.Collect$$libshutdown$$00000010)
    .ARM.Collect$$rtentry$$00000000          0x080001a8   Section        0  __rtentry.o(.ARM.Collect$$rtentry$$00000000)
    .ARM.Collect$$rtentry$$00000002          0x080001a8   Section        0  __rtentry2.o(.ARM.Collect$$rtentry$$00000002)
    .ARM.Collect$$rtentry$$00000004          0x080001a8   Section        6  __rtentry4.o(.ARM.Collect$$rtentry$$00000004)
    .ARM.Collect$$rtentry$$00000009          0x080001ae   Section        0  __rtentry2.o(.ARM.Collect$$rtentry$$00000009)
    .ARM.Collect$$rtentry$$0000000A          0x080001ae   Section        4  __rtentry2.o(.ARM.Collect$$rtentry$$0000000A)
    .ARM.Collect$$rtentry$$0000000C          0x080001b2   Section        0  __rtentry2.o(.ARM.Collect$$rtentry$$0000000C)
    .ARM.Collect$$rtentry$$0000000D          0x080001b2   Section        8  __rtentry2.o(.ARM.Collect$$rtentry$$0000000D)
    .ARM.Collect$$rtexit$$00000000           0x080001ba   Section        2  rtexit.o(.ARM.Collect$$rtexit$$00000000)
    .ARM.Collect$$rtexit$$00000002           0x080001bc   Section        0  rtexit2.o(.ARM.Collect$$rtexit$$00000002)
    .ARM.Collect$$rtexit$$00000003           0x080001bc   Section        4  rtexit2.o(.ARM.Collect$$rtexit$$00000003)
    .ARM.Collect$$rtexit$$00000004           0x080001c0   Section        6  rtexit2.o(.ARM.Collect$$rtexit$$00000004)
    .text                                    0x080001c8   Section       64  startup_stm32f10x_md.o(.text)
    .text                                    0x08000208   Section       78  rt_memclr_w.o(.text)
    .text                                    0x08000256   Section        0  heapauxi.o(.text)
    .text                                    0x0800025c   Section       74  sys_stackheap_outer.o(.text)
    .text                                    0x080002a6   Section        0  exit.o(.text)
    .text                                    0x080002b8   Section        8  libspace.o(.text)
    .text                                    0x080002c0   Section        0  sys_exit.o(.text)
    .text                                    0x080002cc   Section        2  use_no_semi.o(.text)
    .text                                    0x080002ce   Section        0  indicate_semi.o(.text)
    [Anonymous Symbol]                       0x080002d0   Section        0  my_driver_stm32f1xx.o(.text.ADC_DMA_init)
    [Anonymous Symbol]                       0x08000330   Section        0  my_driver_stm32f1xx.o(.text.ADC_DMA_start)
    [Anonymous Symbol]                       0x08000354   Section        0  my_driver_stm32f1xx.o(.text.ADC_init)
    [Anonymous Symbol]                       0x080004c0   Section        0  my_sensors_lib.o(.text.DHT11_init)
    [Anonymous Symbol]                       0x080006c8   Section        0  main.o(.text.DMA1_Channel5_IRQHandler)
    [Anonymous Symbol]                       0x080006e4   Section        0  my_driver_stm32f1xx.o(.text.DMA_UART_RX)
    [Anonymous Symbol]                       0x08000708   Section        0  main.o(.text.EXTI0_IRQHandler)
    [Anonymous Symbol]                       0x08000750   Section        0  main.o(.text.EXTI1_IRQHandler)
    [Anonymous Symbol]                       0x08000900   Section        0  main.o(.text.EXTI2_IRQHandler)
    [Anonymous Symbol]                       0x0800094c   Section        0  main.o(.text.EXTI3_IRQHandler)
    [Anonymous Symbol]                       0x080009e0   Section        0  main.o(.text.EXTI4_IRQHandler)
    [Anonymous Symbol]                       0x08000a2c   Section        0  my_driver_stm32f1xx.o(.text.EXT_config)
    [Anonymous Symbol]                       0x08000be4   Section        0  my_driver_stm32f1xx.o(.text.FLash_erase)
    [Anonymous Symbol]                       0x08000c40   Section        0  my_driver_stm32f1xx.o(.text.FLash_read_half_word)
    [Anonymous Symbol]                       0x08000c90   Section        0  my_driver_stm32f1xx.o(.text.Flash_write)
    [Anonymous Symbol]                       0x08000d3c   Section        0  my_sensors_lib.o(.text.IC74HC595_config)
    [Anonymous Symbol]                       0x08000da0   Section        0  my_sensors_lib.o(.text.IC74HC595_start)
    [Anonymous Symbol]                       0x08000df4   Section        0  main.o(.text.RTC_IRQHandler)
    [Anonymous Symbol]                       0x08000e1c   Section        0  my_sensors_lib.o(.text.STEP_MOTOR_INIT)
    SetSysClock                              0x08000e99   Thumb Code     8  system_stm32f10x.o(.text.SetSysClock)
    [Anonymous Symbol]                       0x08000e98   Section        0  system_stm32f10x.o(.text.SetSysClock)
    SetSysClockTo72                          0x08000ea1   Thumb Code   190  system_stm32f10x.o(.text.SetSysClockTo72)
    [Anonymous Symbol]                       0x08000ea0   Section        0  system_stm32f10x.o(.text.SetSysClockTo72)
    [Anonymous Symbol]                       0x08000f60   Section        0  main.o(.text.SysTick_Handler)
    [Anonymous Symbol]                       0x08000fb8   Section        0  system_stm32f10x.o(.text.SystemInit)
    [Anonymous Symbol]                       0x08001010   Section        0  my_driver_stm32f1xx.o(.text.UART_DMA_RX_init)
    __NVIC_EnableIRQ                         0x080010dd   Thumb Code    28  main.o(.text.__NVIC_EnableIRQ)
    [Anonymous Symbol]                       0x080010dc   Section        0  main.o(.text.__NVIC_EnableIRQ)
    __NVIC_SetPriority                       0x080010f9   Thumb Code    34  main.o(.text.__NVIC_SetPriority)
    [Anonymous Symbol]                       0x080010f8   Section        0  main.o(.text.__NVIC_SetPriority)
    [Anonymous Symbol]                       0x0800111c   Section        0  my_driver_stm32f1xx.o(.text.assert_paramater)
    [Anonymous Symbol]                       0x08001134   Section        0  my_driver_stm32f1xx.o(.text.bootloader_init)
    [Anonymous Symbol]                       0x0800115c   Section        0  my_sensors_lib.o(.text.covert_string)
    [Anonymous Symbol]                       0x080011c4   Section        0  my_rtos.o(.text.enable_faults_exceptions)
    [Anonymous Symbol]                       0x080011e8   Section        0  main.o(.text.get_hex)
    [Anonymous Symbol]                       0x08001208   Section        0  my_rtos.o(.text.get_stack_pointer_PSP)
    [Anonymous Symbol]                       0x08001224   Section        0  my_application_stm32f1xx.o(.text.hienthi)
    [Anonymous Symbol]                       0x080014dc   Section        0  my_driver_stm32f1xx.o(.text.i2c_adress)
    [Anonymous Symbol]                       0x080014ec   Section        0  my_driver_stm32f1xx.o(.text.i2c_init)
    [Anonymous Symbol]                       0x0800155c   Section        0  my_driver_stm32f1xx.o(.text.i2c_mutil_data)
    [Anonymous Symbol]                       0x08001594   Section        0  my_driver_stm32f1xx.o(.text.i2c_start)
    [Anonymous Symbol]                       0x080015a8   Section        0  my_rtos.o(.text.initial_stacks)
    [Anonymous Symbol]                       0x08001650   Section        0  my_sensors_lib.o(.text.lcd_data)
    [Anonymous Symbol]                       0x08001684   Section        0  my_sensors_lib.o(.text.lcd_gotoxy)
    [Anonymous Symbol]                       0x080016c0   Section        0  my_sensors_lib.o(.text.lcd_init)
    [Anonymous Symbol]                       0x08001728   Section        0  my_sensors_lib.o(.text.lcd_lenh)
    [Anonymous Symbol]                       0x0800175c   Section        0  my_sensors_lib.o(.text.lcd_string)
    [Anonymous Symbol]                       0x08001780   Section        0  main.o(.text.main)
    [Anonymous Symbol]                       0x080017e4   Section        0  my_application_stm32f1xx.o(.text.my_fuction_dht_implement)
    [Anonymous Symbol]                       0x08001858   Section        0  main.o(.text.my_task_1)
    [Anonymous Symbol]                       0x08001968   Section        0  main.o(.text.my_task_2)
    [Anonymous Symbol]                       0x080019ac   Section        0  main.o(.text.my_task_3)
    [Anonymous Symbol]                       0x08001a98   Section        0  main.o(.text.my_task_ide)
    [Anonymous Symbol]                       0x08001a9c   Section        0  my_sensors_lib.o(.text.read_5_byte)
    [Anonymous Symbol]                       0x08001ba4   Section        0  my_sensors_lib.o(.text.read_bit)
    [Anonymous Symbol]                       0x08001bdc   Section        0  my_rtos.o(.text.save_stack_pointer)
    [Anonymous Symbol]                       0x08001bf8   Section        0  my_driver_stm32f1xx.o(.text.set_stack_pointer)
    [Anonymous Symbol]                       0x08001c00   Section        0  my_application_stm32f1xx.o(.text.start_update_application)
    [Anonymous Symbol]                       0x08001c18   Section        0  my_rtos.o(.text.switch_tasks)
    [Anonymous Symbol]                       0x08001c94   Section        0  my_rtos.o(.text.systick_config)
    [Anonymous Symbol]                       0x08001cb0   Section        0  my_rtos.o(.text.task_delay)
    [Anonymous Symbol]                       0x08001d04   Section        0  my_sensors_lib.o(.text.update_value)
    MY_CODE                                  0x08001d28   Section       70  my_assembly.o(MY_CODE)
    .L.str.23                                0x08001d6e   Data          21  my_application_stm32f1xx.o(.rodata.str1.1)
    [Anonymous Symbol]                       0x08001d6e   Section        0  my_application_stm32f1xx.o(.rodata.str1.1)
    .L.str.18                                0x08001d83   Data          21  my_application_stm32f1xx.o(.rodata.str1.1)
    .L.str.14                                0x08001d98   Data          21  my_application_stm32f1xx.o(.rodata.str1.1)
    .L.str.36                                0x08001dad   Data          22  my_application_stm32f1xx.o(.rodata.str1.1)
    .L.str.7                                 0x08001dc3   Data          21  my_application_stm32f1xx.o(.rodata.str1.1)
    .L.str.20                                0x08001dd8   Data          21  my_application_stm32f1xx.o(.rodata.str1.1)
    .L.str.5                                 0x08001ded   Data          21  my_application_stm32f1xx.o(.rodata.str1.1)
    .L.str.26                                0x08001e02   Data          21  my_application_stm32f1xx.o(.rodata.str1.1)
    .L.str.27                                0x08001e17   Data          21  my_application_stm32f1xx.o(.rodata.str1.1)
    .L.str.28                                0x08001e2c   Data          21  my_application_stm32f1xx.o(.rodata.str1.1)
    .L.str.32                                0x08001e41   Data          21  my_application_stm32f1xx.o(.rodata.str1.1)
    .L.str.19                                0x08001e56   Data          21  my_application_stm32f1xx.o(.rodata.str1.1)
    .L.str.1                                 0x08001e6b   Data          20  my_application_stm32f1xx.o(.rodata.str1.1)
    .L.str.2                                 0x08001e7f   Data          20  my_application_stm32f1xx.o(.rodata.str1.1)
    .L.str.40                                0x08001e93   Data          21  my_application_stm32f1xx.o(.rodata.str1.1)
    .L.str.11                                0x08001ea8   Data          21  my_application_stm32f1xx.o(.rodata.str1.1)
    .L.str.6                                 0x08001ebd   Data          21  my_application_stm32f1xx.o(.rodata.str1.1)
    .L.str.29                                0x08001ed2   Data          21  my_application_stm32f1xx.o(.rodata.str1.1)
    .L.str.31                                0x08001ee7   Data          21  my_application_stm32f1xx.o(.rodata.str1.1)
    .L.str.30                                0x08001efc   Data          21  my_application_stm32f1xx.o(.rodata.str1.1)
    .L.str.9                                 0x08001f11   Data          21  my_application_stm32f1xx.o(.rodata.str1.1)
    .L.str.10                                0x08001f26   Data          21  my_application_stm32f1xx.o(.rodata.str1.1)
    .L.str.21                                0x08001f3b   Data          21  my_application_stm32f1xx.o(.rodata.str1.1)
    .L.str.15                                0x08001f50   Data          21  my_application_stm32f1xx.o(.rodata.str1.1)
    .L.str.16                                0x08001f65   Data          21  my_application_stm32f1xx.o(.rodata.str1.1)
    .L.str.25                                0x08001f7a   Data          21  my_application_stm32f1xx.o(.rodata.str1.1)
    .L.str.4                                 0x08001f8f   Data          21  my_application_stm32f1xx.o(.rodata.str1.1)
    .L.str.13                                0x08001fa4   Data          21  my_application_stm32f1xx.o(.rodata.str1.1)
    .L.str.8                                 0x08001fb9   Data          21  my_application_stm32f1xx.o(.rodata.str1.1)
    .L.str.34                                0x08001fce   Data          22  my_application_stm32f1xx.o(.rodata.str1.1)
    .L.str.35                                0x08001fe4   Data          22  my_application_stm32f1xx.o(.rodata.str1.1)
    .L.str.33                                0x08001ffa   Data          21  my_application_stm32f1xx.o(.rodata.str1.1)
    .L.str.37                                0x0800200f   Data          21  my_application_stm32f1xx.o(.rodata.str1.1)
    .L.str.17                                0x08002024   Data          21  my_application_stm32f1xx.o(.rodata.str1.1)
    .L.str.12                                0x08002039   Data          21  my_application_stm32f1xx.o(.rodata.str1.1)
    .L.str                                   0x0800204e   Data          20  my_application_stm32f1xx.o(.rodata.str1.1)
    .L.str.3                                 0x08002062   Data          18  my_application_stm32f1xx.o(.rodata.str1.1)
    .L.str.22                                0x08002074   Data          21  my_application_stm32f1xx.o(.rodata.str1.1)
    .L.str.41                                0x08002087   Data           2  my_application_stm32f1xx.o(.rodata.str1.1)
    .L.str.38                                0x08002089   Data          21  my_application_stm32f1xx.o(.rodata.str1.1)
    .L.str.39                                0x0800209e   Data          21  my_application_stm32f1xx.o(.rodata.str1.1)
    .L.str.24                                0x080020b3   Data          21  my_application_stm32f1xx.o(.rodata.str1.1)
    adc_channel                              0x20000348   Data           1  main.o(.data.adc_channel)
    [Anonymous Symbol]                       0x20000348   Section        0  main.o(.data.adc_channel)
    position_current                         0x2000034f   Data           1  main.o(.data.position_current)
    [Anonymous Symbol]                       0x2000034f   Section        0  main.o(.data.position_current)
    str                                      0x20000350   Data          21  my_application_stm32f1xx.o(.data.str)
    [Anonymous Symbol]                       0x20000350   Section        0  my_application_stm32f1xx.o(.data.str)
    .bss                                     0x20000368   Section       96  libspace.o(.bss)
    adc_data                                 0x20000412   Data           2  main.o(.bss.adc_data)
    [Anonymous Symbol]                       0x20000412   Section        0  main.o(.bss.adc_data)
    assert_paramater.check                   0x20000414   Data           1  my_driver_stm32f1xx.o(.bss.assert_paramater.check)
    [Anonymous Symbol]                       0x20000414   Section        0  my_driver_stm32f1xx.o(.bss.assert_paramater.check)
    check_button_bootloader                  0x20000415   Data           1  main.o(.bss.check_button_bootloader)
    [Anonymous Symbol]                       0x20000415   Section        0  main.o(.bss.check_button_bootloader)
    check_write_flash                        0x20000416   Data           1  main.o(.bss.check_write_flash)
    [Anonymous Symbol]                       0x20000416   Section        0  main.o(.bss.check_write_flash)
    data_flash                               0x20000417   Data        7161  main.o(.bss.data_flash)
    [Anonymous Symbol]                       0x20000417   Section        0  main.o(.bss.data_flash)
    rtc_value                                0x20003c1d   Data           1  main.o(.bss.rtc_value)
    [Anonymous Symbol]                       0x20003c1d   Section        0  main.o(.bss.rtc_value)
    size                                     0x20003c20   Data           2  main.o(.bss.size)
    [Anonymous Symbol]                       0x20003c20   Section        0  main.o(.bss.size)
    Heap_Mem                                 0x20003c28   Data         512  startup_stm32f10x_md.o(HEAP)
    HEAP                                     0x20003c28   Section      512  startup_stm32f10x_md.o(HEAP)
    Stack_Mem                                0x20003e28   Data        1024  startup_stm32f10x_md.o(STACK)
    STACK                                    0x20003e28   Section     1024  startup_stm32f10x_md.o(STACK)
    __initial_sp                             0x20004228   Data           0  startup_stm32f10x_md.o(STACK)

    Global Symbols

    Symbol Name                              Value     Ov Type        Size  Object(Section)

    BuildAttributes$$THM_ISAv4$P$D$K$B$S$PE$A:L22UL41UL21$X:L11$S22US41US21$IEEE1$IW$~IW$USESV6$~STKCKD$USESV7$~SHL$OTIME$ROPI$EBA8$UX$STANDARDLIB$REQ8$PRES8$EABIv2 0x00000000   Number         0  anon$$obj.o ABSOLUTE
    __fp_init_empty                          0x00000000   Number         0  fpinit_empty.o ABSOLUTE
    __ARM_exceptions_init                     - Undefined Weak Reference
    __alloca_initialize                       - Undefined Weak Reference
    __arm_preinit_                            - Undefined Weak Reference
    __cpp_initialize__aeabi_                  - Undefined Weak Reference
    __cxa_finalize                            - Undefined Weak Reference
    __rt_locale                               - Undefined Weak Reference
    __sigvec_lookup                           - Undefined Weak Reference
    _atexit_init                              - Undefined Weak Reference
    _call_atexit_fns                          - Undefined Weak Reference
    _clock_init                               - Undefined Weak Reference
    _fp_trap_init                             - Undefined Weak Reference
    _fp_trap_shutdown                         - Undefined Weak Reference
    _get_lc_collate                           - Undefined Weak Reference
    _get_lc_ctype                             - Undefined Weak Reference
    _get_lc_monetary                          - Undefined Weak Reference
    _get_lc_numeric                           - Undefined Weak Reference
    _get_lc_time                              - Undefined Weak Reference
    _getenv_init                              - Undefined Weak Reference
    _handle_redirection                       - Undefined Weak Reference
    _init_alloc                               - Undefined Weak Reference
    _init_user_alloc                          - Undefined Weak Reference
    _initio                                   - Undefined Weak Reference
    _rand_init                                - Undefined Weak Reference
    _signal_finish                            - Undefined Weak Reference
    _signal_init                              - Undefined Weak Reference
    _terminate_alloc                          - Undefined Weak Reference
    _terminate_user_alloc                     - Undefined Weak Reference
    _terminateio                              - Undefined Weak Reference
    __Vectors_Size                           0x000000ec   Number         0  startup_stm32f10x_md.o ABSOLUTE
    __Vectors                                0x08000000   Data           4  startup_stm32f10x_md.o(RESET)
    __Vectors_End                            0x080000ec   Data           0  startup_stm32f10x_md.o(RESET)
    __main                                   0x080000ed   Thumb Code     8  __main.o(!!!main)
    __scatterload                            0x080000f5   Thumb Code     0  __scatter.o(!!!scatter)
    __scatterload_rt2                        0x080000f5   Thumb Code    44  __scatter.o(!!!scatter)
    __scatterload_rt2_thumb_only             0x080000f5   Thumb Code     0  __scatter.o(!!!scatter)
    __scatterload_null                       0x08000103   Thumb Code     0  __scatter.o(!!!scatter)
    __decompress                             0x08000129   Thumb Code    90  __dczerorl2.o(!!dczerorl2)
    __decompress1                            0x08000129   Thumb Code     0  __dczerorl2.o(!!dczerorl2)
    __scatterload_zeroinit                   0x08000185   Thumb Code    28  __scatter_zi.o(!!handler_zi)
    __rt_lib_init                            0x080001a1   Thumb Code     0  libinit.o(.ARM.Collect$$libinit$$00000000)
    __rt_lib_init_alloca_1                   0x080001a3   Thumb Code     0  libinit2.o(.ARM.Collect$$libinit$$0000002E)
    __rt_lib_init_argv_1                     0x080001a3   Thumb Code     0  libinit2.o(.ARM.Collect$$libinit$$0000002C)
    __rt_lib_init_atexit_1                   0x080001a3   Thumb Code     0  libinit2.o(.ARM.Collect$$libinit$$0000001B)
    __rt_lib_init_clock_1                    0x080001a3   Thumb Code     0  libinit2.o(.ARM.Collect$$libinit$$00000021)
    __rt_lib_init_cpp_1                      0x080001a3   Thumb Code     0  libinit2.o(.ARM.Collect$$libinit$$00000032)
    __rt_lib_init_exceptions_1               0x080001a3   Thumb Code     0  libinit2.o(.ARM.Collect$$libinit$$00000030)
    __rt_lib_init_fp_1                       0x080001a3   Thumb Code     0  libinit2.o(.ARM.Collect$$libinit$$00000002)
    __rt_lib_init_fp_trap_1                  0x080001a3   Thumb Code     0  libinit2.o(.ARM.Collect$$libinit$$0000001F)
    __rt_lib_init_getenv_1                   0x080001a3   Thumb Code     0  libinit2.o(.ARM.Collect$$libinit$$00000023)
    __rt_lib_init_heap_1                     0x080001a3   Thumb Code     0  libinit2.o(.ARM.Collect$$libinit$$0000000A)
    __rt_lib_init_lc_collate_1               0x080001a3   Thumb Code     0  libinit2.o(.ARM.Collect$$libinit$$00000011)
    __rt_lib_init_lc_ctype_1                 0x080001a3   Thumb Code     0  libinit2.o(.ARM.Collect$$libinit$$00000013)
    __rt_lib_init_lc_monetary_1              0x080001a3   Thumb Code     0  libinit2.o(.ARM.Collect$$libinit$$00000015)
    __rt_lib_init_lc_numeric_1               0x080001a3   Thumb Code     0  libinit2.o(.ARM.Collect$$libinit$$00000017)
    __rt_lib_init_lc_time_1                  0x080001a3   Thumb Code     0  libinit2.o(.ARM.Collect$$libinit$$00000019)
    __rt_lib_init_preinit_1                  0x080001a3   Thumb Code     0  libinit2.o(.ARM.Collect$$libinit$$00000004)
    __rt_lib_init_rand_1                     0x080001a3   Thumb Code     0  libinit2.o(.ARM.Collect$$libinit$$0000000E)
    __rt_lib_init_return                     0x080001a3   Thumb Code     0  libinit2.o(.ARM.Collect$$libinit$$00000033)
    __rt_lib_init_signal_1                   0x080001a3   Thumb Code     0  libinit2.o(.ARM.Collect$$libinit$$0000001D)
    __rt_lib_init_stdio_1                    0x080001a3   Thumb Code     0  libinit2.o(.ARM.Collect$$libinit$$00000025)
    __rt_lib_init_user_alloc_1               0x080001a3   Thumb Code     0  libinit2.o(.ARM.Collect$$libinit$$0000000C)
    __rt_lib_shutdown                        0x080001a5   Thumb Code     0  libshutdown.o(.ARM.Collect$$libshutdown$$00000000)
    __rt_lib_shutdown_cpp_1                  0x080001a7   Thumb Code     0  libshutdown2.o(.ARM.Collect$$libshutdown$$00000002)
    __rt_lib_shutdown_fp_trap_1              0x080001a7   Thumb Code     0  libshutdown2.o(.ARM.Collect$$libshutdown$$00000007)
    __rt_lib_shutdown_heap_1                 0x080001a7   Thumb Code     0  libshutdown2.o(.ARM.Collect$$libshutdown$$0000000F)
    __rt_lib_shutdown_return                 0x080001a7   Thumb Code     0  libshutdown2.o(.ARM.Collect$$libshutdown$$00000010)
    __rt_lib_shutdown_signal_1               0x080001a7   Thumb Code     0  libshutdown2.o(.ARM.Collect$$libshutdown$$0000000A)
    __rt_lib_shutdown_stdio_1                0x080001a7   Thumb Code     0  libshutdown2.o(.ARM.Collect$$libshutdown$$00000004)
    __rt_lib_shutdown_user_alloc_1           0x080001a7   Thumb Code     0  libshutdown2.o(.ARM.Collect$$libshutdown$$0000000C)
    __rt_entry                               0x080001a9   Thumb Code     0  __rtentry.o(.ARM.Collect$$rtentry$$00000000)
    __rt_entry_presh_1                       0x080001a9   Thumb Code     0  __rtentry2.o(.ARM.Collect$$rtentry$$00000002)
    __rt_entry_sh                            0x080001a9   Thumb Code     0  __rtentry4.o(.ARM.Collect$$rtentry$$00000004)
    __rt_entry_li                            0x080001af   Thumb Code     0  __rtentry2.o(.ARM.Collect$$rtentry$$0000000A)
    __rt_entry_postsh_1                      0x080001af   Thumb Code     0  __rtentry2.o(.ARM.Collect$$rtentry$$00000009)
    __rt_entry_main                          0x080001b3   Thumb Code     0  __rtentry2.o(.ARM.Collect$$rtentry$$0000000D)
    __rt_entry_postli_1                      0x080001b3   Thumb Code     0  __rtentry2.o(.ARM.Collect$$rtentry$$0000000C)
    __rt_exit                                0x080001bb   Thumb Code     0  rtexit.o(.ARM.Collect$$rtexit$$00000000)
    __rt_exit_ls                             0x080001bd   Thumb Code     0  rtexit2.o(.ARM.Collect$$rtexit$$00000003)
    __rt_exit_prels_1                        0x080001bd   Thumb Code     0  rtexit2.o(.ARM.Collect$$rtexit$$00000002)
    __rt_exit_exit                           0x080001c1   Thumb Code     0  rtexit2.o(.ARM.Collect$$rtexit$$00000004)
    Reset_Handler                            0x080001c9   Thumb Code     8  startup_stm32f10x_md.o(.text)
    NMI_Handler                              0x080001d1   Thumb Code     2  startup_stm32f10x_md.o(.text)
    HardFault_Handler                        0x080001d3   Thumb Code     2  startup_stm32f10x_md.o(.text)
    MemManage_Handler                        0x080001d5   Thumb Code     2  startup_stm32f10x_md.o(.text)
    BusFault_Handler                         0x080001d7   Thumb Code     2  startup_stm32f10x_md.o(.text)
    UsageFault_Handler                       0x080001d9   Thumb Code     2  startup_stm32f10x_md.o(.text)
    SVC_Handler                              0x080001db   Thumb Code     2  startup_stm32f10x_md.o(.text)
    DebugMon_Handler                         0x080001dd   Thumb Code     2  startup_stm32f10x_md.o(.text)
    ADC1_2_IRQHandler                        0x080001e3   Thumb Code     0  startup_stm32f10x_md.o(.text)
    CAN1_RX1_IRQHandler                      0x080001e3   Thumb Code     0  startup_stm32f10x_md.o(.text)
    CAN1_SCE_IRQHandler                      0x080001e3   Thumb Code     0  startup_stm32f10x_md.o(.text)
    DMA1_Channel1_IRQHandler                 0x080001e3   Thumb Code     0  startup_stm32f10x_md.o(.text)
    DMA1_Channel2_IRQHandler                 0x080001e3   Thumb Code     0  startup_stm32f10x_md.o(.text)
    DMA1_Channel3_IRQHandler                 0x080001e3   Thumb Code     0  startup_stm32f10x_md.o(.text)
    DMA1_Channel4_IRQHandler                 0x080001e3   Thumb Code     0  startup_stm32f10x_md.o(.text)
    DMA1_Channel6_IRQHandler                 0x080001e3   Thumb Code     0  startup_stm32f10x_md.o(.text)
    DMA1_Channel7_IRQHandler                 0x080001e3   Thumb Code     0  startup_stm32f10x_md.o(.text)
    EXTI15_10_IRQHandler                     0x080001e3   Thumb Code     0  startup_stm32f10x_md.o(.text)
    EXTI9_5_IRQHandler                       0x080001e3   Thumb Code     0  startup_stm32f10x_md.o(.text)
    FLASH_IRQHandler                         0x080001e3   Thumb Code     0  startup_stm32f10x_md.o(.text)
    I2C1_ER_IRQHandler                       0x080001e3   Thumb Code     0  startup_stm32f10x_md.o(.text)
    I2C1_EV_IRQHandler                       0x080001e3   Thumb Code     0  startup_stm32f10x_md.o(.text)
    I2C2_ER_IRQHandler                       0x080001e3   Thumb Code     0  startup_stm32f10x_md.o(.text)
    I2C2_EV_IRQHandler                       0x080001e3   Thumb Code     0  startup_stm32f10x_md.o(.text)
    PVD_IRQHandler                           0x080001e3   Thumb Code     0  startup_stm32f10x_md.o(.text)
    RCC_IRQHandler                           0x080001e3   Thumb Code     0  startup_stm32f10x_md.o(.text)
    RTCAlarm_IRQHandler                      0x080001e3   Thumb Code     0  startup_stm32f10x_md.o(.text)
    SPI1_IRQHandler                          0x080001e3   Thumb Code     0  startup_stm32f10x_md.o(.text)
    SPI2_IRQHandler                          0x080001e3   Thumb Code     0  startup_stm32f10x_md.o(.text)
    TAMPER_IRQHandler                        0x080001e3   Thumb Code     0  startup_stm32f10x_md.o(.text)
    TIM1_BRK_IRQHandler                      0x080001e3   Thumb Code     0  startup_stm32f10x_md.o(.text)
    TIM1_CC_IRQHandler                       0x080001e3   Thumb Code     0  startup_stm32f10x_md.o(.text)
    TIM1_TRG_COM_IRQHandler                  0x080001e3   Thumb Code     0  startup_stm32f10x_md.o(.text)
    TIM1_UP_IRQHandler                       0x080001e3   Thumb Code     0  startup_stm32f10x_md.o(.text)
    TIM2_IRQHandler                          0x080001e3   Thumb Code     0  startup_stm32f10x_md.o(.text)
    TIM3_IRQHandler                          0x080001e3   Thumb Code     0  startup_stm32f10x_md.o(.text)
    TIM4_IRQHandler                          0x080001e3   Thumb Code     0  startup_stm32f10x_md.o(.text)
    USART1_IRQHandler                        0x080001e3   Thumb Code     0  startup_stm32f10x_md.o(.text)
    USART2_IRQHandler                        0x080001e3   Thumb Code     0  startup_stm32f10x_md.o(.text)
    USART3_IRQHandler                        0x080001e3   Thumb Code     0  startup_stm32f10x_md.o(.text)
    USBWakeUp_IRQHandler                     0x080001e3   Thumb Code     0  startup_stm32f10x_md.o(.text)
    USB_HP_CAN1_TX_IRQHandler                0x080001e3   Thumb Code     0  startup_stm32f10x_md.o(.text)
    USB_LP_CAN1_RX0_IRQHandler               0x080001e3   Thumb Code     0  startup_stm32f10x_md.o(.text)
    WWDG_IRQHandler                          0x080001e3   Thumb Code     0  startup_stm32f10x_md.o(.text)
    __user_initial_stackheap                 0x080001e5   Thumb Code     0  startup_stm32f10x_md.o(.text)
    __aeabi_memclr4                          0x08000209   Thumb Code     0  rt_memclr_w.o(.text)
    __aeabi_memclr8                          0x08000209   Thumb Code     0  rt_memclr_w.o(.text)
    __rt_memclr_w                            0x08000209   Thumb Code    78  rt_memclr_w.o(.text)
    _memset_w                                0x0800020d   Thumb Code     0  rt_memclr_w.o(.text)
    __use_two_region_memory                  0x08000257   Thumb Code     2  heapauxi.o(.text)
    __rt_heap_escrow$2region                 0x08000259   Thumb Code     2  heapauxi.o(.text)
    __rt_heap_expand$2region                 0x0800025b   Thumb Code     2  heapauxi.o(.text)
    __user_setup_stackheap                   0x0800025d   Thumb Code    74  sys_stackheap_outer.o(.text)
    exit                                     0x080002a7   Thumb Code    18  exit.o(.text)
    __user_libspace                          0x080002b9   Thumb Code     8  libspace.o(.text)
    __user_perproc_libspace                  0x080002b9   Thumb Code     0  libspace.o(.text)
    __user_perthread_libspace                0x080002b9   Thumb Code     0  libspace.o(.text)
    _sys_exit                                0x080002c1   Thumb Code     8  sys_exit.o(.text)
    __I$use$semihosting                      0x080002cd   Thumb Code     0  use_no_semi.o(.text)
    __use_no_semihosting_swi                 0x080002cd   Thumb Code     2  use_no_semi.o(.text)
    __semihosting_library_function           0x080002cf   Thumb Code     0  indicate_semi.o(.text)
    ADC_DMA_init                             0x080002d1   Thumb Code    96  my_driver_stm32f1xx.o(.text.ADC_DMA_init)
    ADC_DMA_start                            0x08000331   Thumb Code    34  my_driver_stm32f1xx.o(.text.ADC_DMA_start)
    ADC_init                                 0x08000355   Thumb Code   362  my_driver_stm32f1xx.o(.text.ADC_init)
    DHT11_init                               0x080004c1   Thumb Code   518  my_sensors_lib.o(.text.DHT11_init)
    DMA1_Channel5_IRQHandler                 0x080006c9   Thumb Code    26  main.o(.text.DMA1_Channel5_IRQHandler)
    DMA_UART_RX                              0x080006e5   Thumb Code    34  my_driver_stm32f1xx.o(.text.DMA_UART_RX)
    EXTI0_IRQHandler                         0x08000709   Thumb Code    72  main.o(.text.EXTI0_IRQHandler)
    EXTI1_IRQHandler                         0x08000751   Thumb Code   432  main.o(.text.EXTI1_IRQHandler)
    EXTI2_IRQHandler                         0x08000901   Thumb Code    74  main.o(.text.EXTI2_IRQHandler)
    EXTI3_IRQHandler                         0x0800094d   Thumb Code   148  main.o(.text.EXTI3_IRQHandler)
    EXTI4_IRQHandler                         0x080009e1   Thumb Code    74  main.o(.text.EXTI4_IRQHandler)
    EXT_config                               0x08000a2d   Thumb Code   440  my_driver_stm32f1xx.o(.text.EXT_config)
    FLash_erase                              0x08000be5   Thumb Code    92  my_driver_stm32f1xx.o(.text.FLash_erase)
    FLash_read_half_word                     0x08000c41   Thumb Code    78  my_driver_stm32f1xx.o(.text.FLash_read_half_word)
    Flash_write                              0x08000c91   Thumb Code   172  my_driver_stm32f1xx.o(.text.Flash_write)
    IC74HC595_config                         0x08000d3d   Thumb Code    98  my_sensors_lib.o(.text.IC74HC595_config)
    IC74HC595_start                          0x08000da1   Thumb Code    82  my_sensors_lib.o(.text.IC74HC595_start)
    RTC_IRQHandler                           0x08000df5   Thumb Code    40  main.o(.text.RTC_IRQHandler)
    STEP_MOTOR_INIT                          0x08000e1d   Thumb Code   122  my_sensors_lib.o(.text.STEP_MOTOR_INIT)
    SysTick_Handler                          0x08000f61   Thumb Code    86  main.o(.text.SysTick_Handler)
    SystemInit                               0x08000fb9   Thumb Code    86  system_stm32f10x.o(.text.SystemInit)
    UART_DMA_RX_init                         0x08001011   Thumb Code   202  my_driver_stm32f1xx.o(.text.UART_DMA_RX_init)
    assert_paramater                         0x0800111d   Thumb Code    24  my_driver_stm32f1xx.o(.text.assert_paramater)
    bootloader_init                          0x08001135   Thumb Code    38  my_driver_stm32f1xx.o(.text.bootloader_init)
    covert_string                            0x0800115d   Thumb Code   102  my_sensors_lib.o(.text.covert_string)
    enable_faults_exceptions                 0x080011c5   Thumb Code    34  my_rtos.o(.text.enable_faults_exceptions)
    get_hex                                  0x080011e9   Thumb Code    30  main.o(.text.get_hex)
    get_stack_pointer_PSP                    0x08001209   Thumb Code    26  my_rtos.o(.text.get_stack_pointer_PSP)
    hienthi                                  0x08001225   Thumb Code   696  my_application_stm32f1xx.o(.text.hienthi)
    i2c_adress                               0x080014dd   Thumb Code    16  my_driver_stm32f1xx.o(.text.i2c_adress)
    i2c_init                                 0x080014ed   Thumb Code   110  my_driver_stm32f1xx.o(.text.i2c_init)
    i2c_mutil_data                           0x0800155d   Thumb Code    54  my_driver_stm32f1xx.o(.text.i2c_mutil_data)
    i2c_start                                0x08001595   Thumb Code    18  my_driver_stm32f1xx.o(.text.i2c_start)
    initial_stacks                           0x080015a9   Thumb Code   166  my_rtos.o(.text.initial_stacks)
    lcd_data                                 0x08001651   Thumb Code    52  my_sensors_lib.o(.text.lcd_data)
    lcd_gotoxy                               0x08001685   Thumb Code    58  my_sensors_lib.o(.text.lcd_gotoxy)
    lcd_init                                 0x080016c1   Thumb Code   104  my_sensors_lib.o(.text.lcd_init)
    lcd_lenh                                 0x08001729   Thumb Code    52  my_sensors_lib.o(.text.lcd_lenh)
    lcd_string                               0x0800175d   Thumb Code    34  my_sensors_lib.o(.text.lcd_string)
    main                                     0x08001781   Thumb Code   100  main.o(.text.main)
    my_fuction_dht_implement                 0x080017e5   Thumb Code   114  my_application_stm32f1xx.o(.text.my_fuction_dht_implement)
    my_task_1                                0x08001859   Thumb Code   270  main.o(.text.my_task_1)
    my_task_2                                0x08001969   Thumb Code    66  main.o(.text.my_task_2)
    my_task_3                                0x080019ad   Thumb Code   234  main.o(.text.my_task_3)
    my_task_ide                              0x08001a99   Thumb Code     2  main.o(.text.my_task_ide)
    read_5_byte                              0x08001a9d   Thumb Code   264  my_sensors_lib.o(.text.read_5_byte)
    read_bit                                 0x08001ba5   Thumb Code    54  my_sensors_lib.o(.text.read_bit)
    save_stack_pointer                       0x08001bdd   Thumb Code    26  my_rtos.o(.text.save_stack_pointer)
    set_stack_pointer                        0x08001bf9   Thumb Code     8  my_driver_stm32f1xx.o(.text.set_stack_pointer)
    start_update_application                 0x08001c01   Thumb Code    24  my_application_stm32f1xx.o(.text.start_update_application)
    switch_tasks                             0x08001c19   Thumb Code   124  my_rtos.o(.text.switch_tasks)
    systick_config                           0x08001c95   Thumb Code    28  my_rtos.o(.text.systick_config)
    task_delay                               0x08001cb1   Thumb Code    82  my_rtos.o(.text.task_delay)
    update_value                             0x08001d05   Thumb Code    36  my_sensors_lib.o(.text.update_value)
    initial_stack_handler_mode               0x08001d29   Thumb Code     0  my_assembly.o(MY_CODE)
    thread_mode_using_psp                    0x08001d2f   Thumb Code     0  my_assembly.o(MY_CODE)
    PendSV_Handler                           0x08001d47   Thumb Code     0  my_assembly.o(MY_CODE)
    Region$$Table$$Base                      0x080020c8   Number         0  anon$$obj.o(Region$$Table)
    Region$$Table$$Limit                     0x080020e8   Number         0  anon$$obj.o(Region$$Table)
    ACTUATORS_1                              0x20000000   Data          72  my_application_stm32f1xx.o(.data.ACTUATORS_1)
    ARR_MY_FUNCTION                          0x20000048   Data          16  main.o(.data.ARR_MY_FUNCTION)
    CONTROL_1                                0x20000058   Data          72  my_application_stm32f1xx.o(.data.CONTROL_1)
    DATA_PERIPHERAL                          0x200000a0   Data           1  main.o(.data.DATA_PERIPHERAL)
    DHT11_1                                  0x200000a4   Data          72  my_application_stm32f1xx.o(.data.DHT11_1)
    DHT11_INITIAL                            0x200000ec   Data          20  main.o(.data.DHT11_INITIAL)
    GARDEN_1                                 0x20000100   Data          72  my_application_stm32f1xx.o(.data.GARDEN_1)
    GARDEN_2                                 0x20000148   Data          72  my_application_stm32f1xx.o(.data.GARDEN_2)
    LOCK_NEXT_TASK                           0x20000190   Data           1  my_rtos.o(.data.LOCK_NEXT_TASK)
    MAIN_MENU                                0x20000194   Data          72  my_application_stm32f1xx.o(.data.MAIN_MENU)
    MENU_ACTIVE                              0x200001dc   Data           4  main.o(.data.MENU_ACTIVE)
    OUTHOUSE_1                               0x200001e0   Data          72  my_application_stm32f1xx.o(.data.OUTHOUSE_1)
    SENSORS_1                                0x20000228   Data          72  my_application_stm32f1xx.o(.data.SENSORS_1)
    SETTING_1                                0x20000270   Data          72  my_application_stm32f1xx.o(.data.SETTING_1)
    THRESOLD_1                               0x200002b8   Data          72  my_application_stm32f1xx.o(.data.THRESOLD_1)
    UPDATE                                   0x20000300   Data          72  my_application_stm32f1xx.o(.data.UPDATE)
    current_task                             0x20000349   Data           1  my_rtos.o(.data.current_task)
    data_dht11                               0x2000034a   Data           5  main.o(.data.data_dht11)
    __libspace_start                         0x20000368   Data          96  libspace.o(.bss)
    S_SAMPLE                                 0x200003c8   Data          20  my_application_stm32f1xx.o(.bss.S_SAMPLE)
    __temporary_stack_top$libspace           0x200003c8   Data           0  libspace.o(.bss)
    TASKS                                    0x200003dc   Data          52  my_rtos.o(.bss.TASKS)
    _byte                                    0x20000410   Data           1  my_sensors_lib.o(.bss._byte)
    data_thresold                            0x20002010   Data          12  main.o(.bss.data_thresold)
    frame_data_bootloader                    0x2000201c   Data        7161  main.o(.bss.frame_data_bootloader)
    g_count                                  0x20003c18   Data           4  my_rtos.o(.bss.g_count)
    position_control                         0x20003c1c   Data           1  main.o(.bss.position_control)



==============================================================================

Memory Map of the image

  Image Entry point : 0x080001c9

  Load Region LR_1 (Base: 0x08000000, Size: 0x00002450, Max: 0xffffffff, ABSOLUTE, COMPRESSED[0x00002210])

    Execution Region ER_RO (Exec base: 0x08000000, Load base: 0x08000000, Size: 0x000020e8, Max: 0xffffffff, ABSOLUTE)

    Exec Addr    Load Addr    Size         Type   Attr      Idx    E Section Name        Object

    0x08000000   0x08000000   0x000000ec   Data   RO          256    RESET               startup_stm32f10x_md.o
    0x080000ec   0x080000ec   0x00000008   Code   RO          285  * !!!main             c_w.l(__main.o)
    0x080000f4   0x080000f4   0x00000034   Code   RO          467    !!!scatter          c_w.l(__scatter.o)
    0x08000128   0x08000128   0x0000005a   Code   RO          465    !!dczerorl2         c_w.l(__dczerorl2.o)
    0x08000182   0x08000182   0x00000002   PAD
    0x08000184   0x08000184   0x0000001c   Code   RO          469    !!handler_zi        c_w.l(__scatter_zi.o)
    0x080001a0   0x080001a0   0x00000002   Code   RO          329    .ARM.Collect$$libinit$$00000000  c_w.l(libinit.o)
    0x080001a2   0x080001a2   0x00000000   Code   RO          336    .ARM.Collect$$libinit$$00000002  c_w.l(libinit2.o)
    0x080001a2   0x080001a2   0x00000000   Code   RO          338    .ARM.Collect$$libinit$$00000004  c_w.l(libinit2.o)
    0x080001a2   0x080001a2   0x00000000   Code   RO          341    .ARM.Collect$$libinit$$0000000A  c_w.l(libinit2.o)
    0x080001a2   0x080001a2   0x00000000   Code   RO          343    .ARM.Collect$$libinit$$0000000C  c_w.l(libinit2.o)
    0x080001a2   0x080001a2   0x00000000   Code   RO          345    .ARM.Collect$$libinit$$0000000E  c_w.l(libinit2.o)
    0x080001a2   0x080001a2   0x00000000   Code   RO          348    .ARM.Collect$$libinit$$00000011  c_w.l(libinit2.o)
    0x080001a2   0x080001a2   0x00000000   Code   RO          350    .ARM.Collect$$libinit$$00000013  c_w.l(libinit2.o)
    0x080001a2   0x080001a2   0x00000000   Code   RO          352    .ARM.Collect$$libinit$$00000015  c_w.l(libinit2.o)
    0x080001a2   0x080001a2   0x00000000   Code   RO          354    .ARM.Collect$$libinit$$00000017  c_w.l(libinit2.o)
    0x080001a2   0x080001a2   0x00000000   Code   RO          356    .ARM.Collect$$libinit$$00000019  c_w.l(libinit2.o)
    0x080001a2   0x080001a2   0x00000000   Code   RO          358    .ARM.Collect$$libinit$$0000001B  c_w.l(libinit2.o)
    0x080001a2   0x080001a2   0x00000000   Code   RO          360    .ARM.Collect$$libinit$$0000001D  c_w.l(libinit2.o)
    0x080001a2   0x080001a2   0x00000000   Code   RO          362    .ARM.Collect$$libinit$$0000001F  c_w.l(libinit2.o)
    0x080001a2   0x080001a2   0x00000000   Code   RO          364    .ARM.Collect$$libinit$$00000021  c_w.l(libinit2.o)
    0x080001a2   0x080001a2   0x00000000   Code   RO          366    .ARM.Collect$$libinit$$00000023  c_w.l(libinit2.o)
    0x080001a2   0x080001a2   0x00000000   Code   RO          368    .ARM.Collect$$libinit$$00000025  c_w.l(libinit2.o)
    0x080001a2   0x080001a2   0x00000000   Code   RO          372    .ARM.Collect$$libinit$$0000002C  c_w.l(libinit2.o)
    0x080001a2   0x080001a2   0x00000000   Code   RO          374    .ARM.Collect$$libinit$$0000002E  c_w.l(libinit2.o)
    0x080001a2   0x080001a2   0x00000000   Code   RO          376    .ARM.Collect$$libinit$$00000030  c_w.l(libinit2.o)
    0x080001a2   0x080001a2   0x00000000   Code   RO          378    .ARM.Collect$$libinit$$00000032  c_w.l(libinit2.o)
    0x080001a2   0x080001a2   0x00000002   Code   RO          379    .ARM.Collect$$libinit$$00000033  c_w.l(libinit2.o)
    0x080001a4   0x080001a4   0x00000002   Code   RO          401    .ARM.Collect$$libshutdown$$00000000  c_w.l(libshutdown.o)
    0x080001a6   0x080001a6   0x00000000   Code   RO          416    .ARM.Collect$$libshutdown$$00000002  c_w.l(libshutdown2.o)
    0x080001a6   0x080001a6   0x00000000   Code   RO          418    .ARM.Collect$$libshutdown$$00000004  c_w.l(libshutdown2.o)
    0x080001a6   0x080001a6   0x00000000   Code   RO          421    .ARM.Collect$$libshutdown$$00000007  c_w.l(libshutdown2.o)
    0x080001a6   0x080001a6   0x00000000   Code   RO          424    .ARM.Collect$$libshutdown$$0000000A  c_w.l(libshutdown2.o)
    0x080001a6   0x080001a6   0x00000000   Code   RO          426    .ARM.Collect$$libshutdown$$0000000C  c_w.l(libshutdown2.o)
    0x080001a6   0x080001a6   0x00000000   Code   RO          429    .ARM.Collect$$libshutdown$$0000000F  c_w.l(libshutdown2.o)
    0x080001a6   0x080001a6   0x00000002   Code   RO          430    .ARM.Collect$$libshutdown$$00000010  c_w.l(libshutdown2.o)
    0x080001a8   0x080001a8   0x00000000   Code   RO          299    .ARM.Collect$$rtentry$$00000000  c_w.l(__rtentry.o)
    0x080001a8   0x080001a8   0x00000000   Code   RO          306    .ARM.Collect$$rtentry$$00000002  c_w.l(__rtentry2.o)
    0x080001a8   0x080001a8   0x00000006   Code   RO          318    .ARM.Collect$$rtentry$$00000004  c_w.l(__rtentry4.o)
    0x080001ae   0x080001ae   0x00000000   Code   RO          308    .ARM.Collect$$rtentry$$00000009  c_w.l(__rtentry2.o)
    0x080001ae   0x080001ae   0x00000004   Code   RO          309    .ARM.Collect$$rtentry$$0000000A  c_w.l(__rtentry2.o)
    0x080001b2   0x080001b2   0x00000000   Code   RO          311    .ARM.Collect$$rtentry$$0000000C  c_w.l(__rtentry2.o)
    0x080001b2   0x080001b2   0x00000008   Code   RO          312    .ARM.Collect$$rtentry$$0000000D  c_w.l(__rtentry2.o)
    0x080001ba   0x080001ba   0x00000002   Code   RO          333    .ARM.Collect$$rtexit$$00000000  c_w.l(rtexit.o)
    0x080001bc   0x080001bc   0x00000000   Code   RO          381    .ARM.Collect$$rtexit$$00000002  c_w.l(rtexit2.o)
    0x080001bc   0x080001bc   0x00000004   Code   RO          382    .ARM.Collect$$rtexit$$00000003  c_w.l(rtexit2.o)
    0x080001c0   0x080001c0   0x00000006   Code   RO          383    .ARM.Collect$$rtexit$$00000004  c_w.l(rtexit2.o)
    0x080001c6   0x080001c6   0x00000002   PAD
    0x080001c8   0x080001c8   0x00000040   Code   RO          257  * .text               startup_stm32f10x_md.o
    0x08000208   0x08000208   0x0000004e   Code   RO          281    .text               c_w.l(rt_memclr_w.o)
    0x08000256   0x08000256   0x00000006   Code   RO          283    .text               c_w.l(heapauxi.o)
    0x0800025c   0x0800025c   0x0000004a   Code   RO          320    .text               c_w.l(sys_stackheap_outer.o)
    0x080002a6   0x080002a6   0x00000012   Code   RO          322    .text               c_w.l(exit.o)
    0x080002b8   0x080002b8   0x00000008   Code   RO          330    .text               c_w.l(libspace.o)
    0x080002c0   0x080002c0   0x0000000c   Code   RO          391    .text               c_w.l(sys_exit.o)
    0x080002cc   0x080002cc   0x00000002   Code   RO          406    .text               c_w.l(use_no_semi.o)
    0x080002ce   0x080002ce   0x00000000   Code   RO          408    .text               c_w.l(indicate_semi.o)
    0x080002ce   0x080002ce   0x00000002   PAD
    0x080002d0   0x080002d0   0x00000060   Code   RO          158    .text.ADC_DMA_init  my_driver_stm32f1xx.o
    0x08000330   0x08000330   0x00000022   Code   RO          160    .text.ADC_DMA_start  my_driver_stm32f1xx.o
    0x08000352   0x08000352   0x00000002   PAD
    0x08000354   0x08000354   0x0000016a   Code   RO          156    .text.ADC_init      my_driver_stm32f1xx.o
    0x080004be   0x080004be   0x00000002   PAD
    0x080004c0   0x080004c0   0x00000206   Code   RO          201    .text.DHT11_init    my_sensors_lib.o
    0x080006c6   0x080006c6   0x00000002   PAD
    0x080006c8   0x080006c8   0x0000001a   Code   RO           24    .text.DMA1_Channel5_IRQHandler  main.o
    0x080006e2   0x080006e2   0x00000002   PAD
    0x080006e4   0x080006e4   0x00000022   Code   RO          148    .text.DMA_UART_RX   my_driver_stm32f1xx.o
    0x08000706   0x08000706   0x00000002   PAD
    0x08000708   0x08000708   0x00000048   Code   RO           12    .text.EXTI0_IRQHandler  main.o
    0x08000750   0x08000750   0x000001b0   Code   RO           14    .text.EXTI1_IRQHandler  main.o
    0x08000900   0x08000900   0x0000004a   Code   RO           16    .text.EXTI2_IRQHandler  main.o
    0x0800094a   0x0800094a   0x00000002   PAD
    0x0800094c   0x0800094c   0x00000094   Code   RO           18    .text.EXTI3_IRQHandler  main.o
    0x080009e0   0x080009e0   0x0000004a   Code   RO           20    .text.EXTI4_IRQHandler  main.o
    0x08000a2a   0x08000a2a   0x00000002   PAD
    0x08000a2c   0x08000a2c   0x000001b8   Code   RO          116    .text.EXT_config    my_driver_stm32f1xx.o
    0x08000be4   0x08000be4   0x0000005c   Code   RO           98    .text.FLash_erase   my_driver_stm32f1xx.o
    0x08000c40   0x08000c40   0x0000004e   Code   RO           96    .text.FLash_read_half_word  my_driver_stm32f1xx.o
    0x08000c8e   0x08000c8e   0x00000002   PAD
    0x08000c90   0x08000c90   0x000000ac   Code   RO           92    .text.Flash_write   my_driver_stm32f1xx.o
    0x08000d3c   0x08000d3c   0x00000062   Code   RO          233    .text.IC74HC595_config  my_sensors_lib.o
    0x08000d9e   0x08000d9e   0x00000002   PAD
    0x08000da0   0x08000da0   0x00000052   Code   RO          235    .text.IC74HC595_start  my_sensors_lib.o
    0x08000df2   0x08000df2   0x00000002   PAD
    0x08000df4   0x08000df4   0x00000028   Code   RO           22    .text.RTC_IRQHandler  main.o
    0x08000e1c   0x08000e1c   0x0000007a   Code   RO          219    .text.STEP_MOTOR_INIT  my_sensors_lib.o
    0x08000e96   0x08000e96   0x00000002   PAD
    0x08000e98   0x08000e98   0x00000008   Code   RO          264    .text.SetSysClock   system_stm32f10x.o
    0x08000ea0   0x08000ea0   0x000000be   Code   RO          268    .text.SetSysClockTo72  system_stm32f10x.o
    0x08000f5e   0x08000f5e   0x00000002   PAD
    0x08000f60   0x08000f60   0x00000056   Code   RO           34    .text.SysTick_Handler  main.o
    0x08000fb6   0x08000fb6   0x00000002   PAD
    0x08000fb8   0x08000fb8   0x00000056   Code   RO          262    .text.SystemInit    system_stm32f10x.o
    0x0800100e   0x0800100e   0x00000002   PAD
    0x08001010   0x08001010   0x000000ca   Code   RO          146    .text.UART_DMA_RX_init  my_driver_stm32f1xx.o
    0x080010da   0x080010da   0x00000002   PAD
    0x080010dc   0x080010dc   0x0000001c   Code   RO           32    .text.__NVIC_EnableIRQ  main.o
    0x080010f8   0x080010f8   0x00000022   Code   RO           30    .text.__NVIC_SetPriority  main.o
    0x0800111a   0x0800111a   0x00000002   PAD
    0x0800111c   0x0800111c   0x00000018   Code   RO          102    .text.assert_paramater  my_driver_stm32f1xx.o
    0x08001134   0x08001134   0x00000026   Code   RO          110    .text.bootloader_init  my_driver_stm32f1xx.o
    0x0800115a   0x0800115a   0x00000002   PAD
    0x0800115c   0x0800115c   0x00000066   Code   RO          217    .text.covert_string  my_sensors_lib.o
    0x080011c2   0x080011c2   0x00000002   PAD
    0x080011c4   0x080011c4   0x00000022   Code   RO           66    .text.enable_faults_exceptions  my_rtos.o
    0x080011e6   0x080011e6   0x00000002   PAD
    0x080011e8   0x080011e8   0x0000001e   Code   RO            2    .text.get_hex       main.o
    0x08001206   0x08001206   0x00000002   PAD
    0x08001208   0x08001208   0x0000001a   Code   RO           70    .text.get_stack_pointer_PSP  my_rtos.o
    0x08001222   0x08001222   0x00000002   PAD
    0x08001224   0x08001224   0x000002b8   Code   RO          177    .text.hienthi       my_application_stm32f1xx.o
    0x080014dc   0x080014dc   0x00000010   Code   RO          124    .text.i2c_adress    my_driver_stm32f1xx.o
    0x080014ec   0x080014ec   0x0000006e   Code   RO          120    .text.i2c_init      my_driver_stm32f1xx.o
    0x0800155a   0x0800155a   0x00000002   PAD
    0x0800155c   0x0800155c   0x00000036   Code   RO          128    .text.i2c_mutil_data  my_driver_stm32f1xx.o
    0x08001592   0x08001592   0x00000002   PAD
    0x08001594   0x08001594   0x00000012   Code   RO          122    .text.i2c_start     my_driver_stm32f1xx.o
    0x080015a6   0x080015a6   0x00000002   PAD
    0x080015a8   0x080015a8   0x000000a6   Code   RO           68    .text.initial_stacks  my_rtos.o
    0x0800164e   0x0800164e   0x00000002   PAD
    0x08001650   0x08001650   0x00000034   Code   RO          209    .text.lcd_data      my_sensors_lib.o
    0x08001684   0x08001684   0x0000003a   Code   RO          215    .text.lcd_gotoxy    my_sensors_lib.o
    0x080016be   0x080016be   0x00000002   PAD
    0x080016c0   0x080016c0   0x00000068   Code   RO          211    .text.lcd_init      my_sensors_lib.o
    0x08001728   0x08001728   0x00000034   Code   RO          207    .text.lcd_lenh      my_sensors_lib.o
    0x0800175c   0x0800175c   0x00000022   Code   RO          213    .text.lcd_string    my_sensors_lib.o
    0x0800177e   0x0800177e   0x00000002   PAD
    0x08001780   0x08001780   0x00000064   Code   RO           26    .text.main          main.o
    0x080017e4   0x080017e4   0x00000072   Code   RO          173    .text.my_fuction_dht_implement  my_application_stm32f1xx.o
    0x08001856   0x08001856   0x00000002   PAD
    0x08001858   0x08001858   0x0000010e   Code   RO            6    .text.my_task_1     main.o
    0x08001966   0x08001966   0x00000002   PAD
    0x08001968   0x08001968   0x00000042   Code   RO            8    .text.my_task_2     main.o
    0x080019aa   0x080019aa   0x00000002   PAD
    0x080019ac   0x080019ac   0x000000ea   Code   RO           10    .text.my_task_3     main.o
    0x08001a96   0x08001a96   0x00000002   PAD
    0x08001a98   0x08001a98   0x00000002   Code   RO            4    .text.my_task_ide   main.o
    0x08001a9a   0x08001a9a   0x00000002   PAD
    0x08001a9c   0x08001a9c   0x00000108   Code   RO          205    .text.read_5_byte   my_sensors_lib.o
    0x08001ba4   0x08001ba4   0x00000036   Code   RO          203    .text.read_bit      my_sensors_lib.o
    0x08001bda   0x08001bda   0x00000002   PAD
    0x08001bdc   0x08001bdc   0x0000001a   Code   RO           72    .text.save_stack_pointer  my_rtos.o
    0x08001bf6   0x08001bf6   0x00000002   PAD
    0x08001bf8   0x08001bf8   0x00000008   Code   RO          108    .text.set_stack_pointer  my_driver_stm32f1xx.o
    0x08001c00   0x08001c00   0x00000018   Code   RO          175    .text.start_update_application  my_application_stm32f1xx.o
    0x08001c18   0x08001c18   0x0000007c   Code   RO           74    .text.switch_tasks  my_rtos.o
    0x08001c94   0x08001c94   0x0000001c   Code   RO           78    .text.systick_config  my_rtos.o
    0x08001cb0   0x08001cb0   0x00000052   Code   RO           76    .text.task_delay    my_rtos.o
    0x08001d02   0x08001d02   0x00000002   PAD
    0x08001d04   0x08001d04   0x00000024   Code   RO          241    .text.update_value  my_sensors_lib.o
    0x08001d28   0x08001d28   0x00000046   Code   RO           60  * MY_CODE             my_assembly.o
    0x08001d6e   0x08001d6e   0x0000035a   Data   RO          179    .rodata.str1.1      my_application_stm32f1xx.o
    0x080020c8   0x080020c8   0x00000020   Data   RO          464    Region$$Table       anon$$obj.o


    Execution Region ER_RW (Exec base: 0x20000000, Load base: 0x080020e8, Size: 0x00000368, Max: 0xffffffff, ABSOLUTE, COMPRESSED[0x00000128])

    Exec Addr    Load Addr    Size         Type   Attr      Idx    E Section Name        Object

    0x20000000   COMPRESSED   0x00000048   Data   RW          184    .data.ACTUATORS_1   my_application_stm32f1xx.o
    0x20000048   COMPRESSED   0x00000010   Data   RW           38    .data.ARR_MY_FUNCTION  main.o
    0x20000058   COMPRESSED   0x00000048   Data   RW          189    .data.CONTROL_1     my_application_stm32f1xx.o
    0x200000a0   COMPRESSED   0x00000001   Data   RW           42    .data.DATA_PERIPHERAL  main.o
    0x200000a1   COMPRESSED   0x00000003   PAD
    0x200000a4   COMPRESSED   0x00000048   Data   RW          187    .data.DHT11_1       my_application_stm32f1xx.o
    0x200000ec   COMPRESSED   0x00000014   Data   RW           41    .data.DHT11_INITIAL  main.o
    0x20000100   COMPRESSED   0x00000048   Data   RW          180    .data.GARDEN_1      my_application_stm32f1xx.o
    0x20000148   COMPRESSED   0x00000048   Data   RW          181    .data.GARDEN_2      my_application_stm32f1xx.o
    0x20000190   COMPRESSED   0x00000001   Data   RW           82    .data.LOCK_NEXT_TASK  my_rtos.o
    0x20000191   COMPRESSED   0x00000003   PAD
    0x20000194   COMPRESSED   0x00000048   Data   RW          182    .data.MAIN_MENU     my_application_stm32f1xx.o
    0x200001dc   COMPRESSED   0x00000004   Data   RW           39    .data.MENU_ACTIVE   main.o
    0x200001e0   COMPRESSED   0x00000048   Data   RW          188    .data.OUTHOUSE_1    my_application_stm32f1xx.o
    0x20000228   COMPRESSED   0x00000048   Data   RW          183    .data.SENSORS_1     my_application_stm32f1xx.o
    0x20000270   COMPRESSED   0x00000048   Data   RW          185    .data.SETTING_1     my_application_stm32f1xx.o
    0x200002b8   COMPRESSED   0x00000048   Data   RW          190    .data.THRESOLD_1    my_application_stm32f1xx.o
    0x20000300   COMPRESSED   0x00000048   Data   RW          186    .data.UPDATE        my_application_stm32f1xx.o
    0x20000348   COMPRESSED   0x00000001   Data   RW           50    .data.adc_channel   main.o
    0x20000349   COMPRESSED   0x00000001   Data   RW           81    .data.current_task  my_rtos.o
    0x2000034a   COMPRESSED   0x00000005   Data   RW           40    .data.data_dht11    main.o
    0x2000034f   COMPRESSED   0x00000001   Data   RW           43    .data.position_current  main.o
    0x20000350   COMPRESSED   0x00000015   Data   RW          192    .data.str           my_application_stm32f1xx.o


    Execution Region ER_ZI (Exec base: 0x20000368, Load base: 0x08002210, Size: 0x00003ec0, Max: 0xffffffff, ABSOLUTE)

    Exec Addr    Load Addr    Size         Type   Attr      Idx    E Section Name        Object

    0x20000368        -       0x00000060   Zero   RW          331    .bss                c_w.l(libspace.o)
    0x200003c8        -       0x00000014   Zero   RW          191    .bss.S_SAMPLE       my_application_stm32f1xx.o
    0x200003dc        -       0x00000034   Zero   RW           83    .bss.TASKS          my_rtos.o
    0x20000410        -       0x00000001   Zero   RW          243    .bss._byte          my_sensors_lib.o
    0x20000411   0x08002210   0x00000001   PAD
    0x20000412        -       0x00000002   Zero   RW           51    .bss.adc_data       main.o
    0x20000414        -       0x00000001   Zero   RW          164    .bss.assert_paramater.check  my_driver_stm32f1xx.o
    0x20000415        -       0x00000001   Zero   RW           45    .bss.check_button_bootloader  main.o
    0x20000416        -       0x00000001   Zero   RW           47    .bss.check_write_flash  main.o
    0x20000417        -       0x00001bf9   Zero   RW           49    .bss.data_flash     main.o
    0x20002010        -       0x0000000c   Zero   RW           44    .bss.data_thresold  main.o
    0x2000201c        -       0x00001bf9   Zero   RW           37    .bss.frame_data_bootloader  main.o
    0x20003c15   0x08002210   0x00000003   PAD
    0x20003c18        -       0x00000004   Zero   RW           80    .bss.g_count        my_rtos.o
    0x20003c1c        -       0x00000001   Zero   RW           36    .bss.position_control  main.o
    0x20003c1d        -       0x00000001   Zero   RW           46    .bss.rtc_value      main.o
    0x20003c1e   0x08002210   0x00000002   PAD
    0x20003c20        -       0x00000002   Zero   RW           48    .bss.size           main.o
    0x20003c22   0x08002210   0x00000006   PAD
    0x20003c28        -       0x00000200   Zero   RW          255    HEAP                startup_stm32f10x_md.o
    0x20003e28        -       0x00000400   Zero   RW          254    STACK               startup_stm32f10x_md.o


==============================================================================

Image component sizes


      Code (inc. data)   RO Data    RW Data    ZI Data      Debug   Object Name

      1716         16          0         48      14342      11385   main.o
       834          8        858        813         20       5044   my_application_stm32f1xx.o
        70          0          0          0          0        260   my_assembly.o
      1778          0          0          0          1      14076   my_driver_stm32f1xx.o
       486          0          0          2         56       3019   my_rtos.o
      1576          4          0          0          1      10853   my_sensors_lib.o
        64         26        236          0       1536        796   startup_stm32f10x_md.o
       284          0          0          0          0       2831   system_stm32f10x.o

    ----------------------------------------------------------------------
      6878         54       1126        872      15968      48264   Object Totals
         0          0         32          0          0          0   (incl. Generated)
        70          0          0          9         12          0   (incl. Padding)

    ----------------------------------------------------------------------

      Code (inc. data)   RO Data    RW Data    ZI Data      Debug   Library Member Name

        90          0          0          0          0          0   __dczerorl2.o
         8          0          0          0          0         68   __main.o
         0          0          0          0          0          0   __rtentry.o
        12          0          0          0          0          0   __rtentry2.o
         6          0          0          0          0          0   __rtentry4.o
        52          8          0          0          0          0   __scatter.o
        28          0          0          0          0          0   __scatter_zi.o
        18          0          0          0          0         80   exit.o
         6          0          0          0          0        152   heapauxi.o
         0          0          0          0          0          0   indicate_semi.o
         2          0          0          0          0          0   libinit.o
         2          0          0          0          0          0   libinit2.o
         2          0          0          0          0          0   libshutdown.o
         2          0          0          0          0          0   libshutdown2.o
         8          4          0          0         96         68   libspace.o
        78          0          0          0          0         80   rt_memclr_w.o
         2          0          0          0          0          0   rtexit.o
        10          0          0          0          0          0   rtexit2.o
        12          4          0          0          0         68   sys_exit.o
        74          0          0          0          0         80   sys_stackheap_outer.o
         2          0          0          0          0         68   use_no_semi.o

    ----------------------------------------------------------------------
       420         16          0          0         96        664   Library Totals
         6          0          0          0          0          0   (incl. Padding)

    ----------------------------------------------------------------------

      Code (inc. data)   RO Data    RW Data    ZI Data      Debug   Library Name

       414         16          0          0         96        664   c_w.l

    ----------------------------------------------------------------------
       420         16          0          0         96        664   Library Totals

    ----------------------------------------------------------------------

==============================================================================


      Code (inc. data)   RO Data    RW Data    ZI Data      Debug   

      7298         70       1126        872      16064      48688   Grand Totals
      7298         70       1126        296      16064      48688   ELF Image Totals (compressed)
      7298         70       1126        296          0          0   ROM Totals

==============================================================================

    Total RO  Size (Code + RO Data)                 8424 (   8.23kB)
    Total RW  Size (RW Data + ZI Data)             16936 (  16.54kB)
    Total ROM Size (Code + RO Data + RW Data)       8720 (   8.52kB)

==============================================================================

